TAP version 13
# Subtest: P06A-T11: a target leaves an already open application view lease mounted
not ok 1 - P06A-T11: a target leaves an already open application view lease mounted
  ---
  duration_ms: 5.789959
  type: 'test'
  location: '/private/var/folders/fy/_vc547vx0t75yjmxm8bbfwb40000gn/T/hm-app-host-mutation-FMfEob/tests/client-target.test.mjs:55:1'
  failureType: 'testCodeFailure'
  error: |-
    both exact target cards must be rendered before consume
    
    false !== true
    
  code: 'ERR_ASSERTION'
  name: 'AssertionError'
  expected: true
  actual: false
  operator: 'strictEqual'
  stack: |-
    TestContext.<anonymous> (file:///private/var/folders/fy/_vc547vx0t75yjmxm8bbfwb40000gn/T/hm-app-host-mutation-FMfEob/tests/client-target.test.mjs:76:10)
    async Test.run (node:internal/test_runner/test:1110:7)
    async startSubtestAfterBootstrap (node:internal/test_runner/harness:358:3)
  ...
1..1
# tests 1
# suites 0
# pass 0
# fail 1
# cancelled 0
# skipped 0
# todo 0
# duration_ms 38.823834
