TAP version 13
# Subtest: P06A-T08/T09/T10b: polling opens market, exact marks all duplicates, page 1 is not falsely missing, consume follows presentation
ok 1 - P06A-T08/T09/T10b: polling opens market, exact marks all duplicates, page 1 is not falsely missing, consume follows presentation
  ---
  duration_ms: 6.037083
  type: 'test'
  ...
# Subtest: P06A-T08/T10: failure backs off 5000 ms then resumes 1000 ms, protected and unavailable states are visible
ok 2 - P06A-T08/T10: failure backs off 5000 ms then resumes 1000 ms, protected and unavailable states are visible
  ---
  duration_ms: 2.506125
  type: 'test'
  ...
# Subtest: P06A-T11: a target leaves an already open application view lease mounted
not ok 3 - P06A-T11: a target leaves an already open application view lease mounted
  ---
  duration_ms: 2.037958
  type: 'test'
  location: '/Users/yzliu/work/projects/hanamesh/_deliveries/p06-public-consumer-20261003/worktrees/apphost-target-rc44/tests/client-target.test.mjs:55:1'
  failureType: 'testCodeFailure'
  error: |-
    both exact target cards must be rendered before consume
    
    false !== true
    
  code: 'ERR_ASSERTION'
  name: 'AssertionError'
  expected: true
  actual: false
  operator: 'strictEqual'
  stack: |-
    TestContext.<anonymous> (file:///Users/yzliu/work/projects/hanamesh/_deliveries/p06-public-consumer-20261003/worktrees/apphost-target-rc44/tests/client-target.test.mjs:76:10)
    async Test.run (node:internal/test_runner/test:1110:7)
    async Test.processPendingSubtests (node:internal/test_runner/test:785:7)
  ...
1..3
# tests 3
# suites 0
# pass 2
# fail 1
# cancelled 0
# skipped 0
# todo 0
# duration_ms 51.994791
