M21-market-close-retry-rejected-cache: baseline PASS; mutation DETECTED (ERR_ASSERTION)
M22-market-late-open-orphan: baseline PASS; mutation DETECTED (ERR_ASSERTION)
M19-market-view-heartbeat-missing: baseline PASS; mutation DETECTED (ERR_ASSERTION)
M20-market-view-cleanup-missing: baseline PASS; mutation DETECTED (ERR_ASSERTION)
M18-reclaim-spawn-budget: baseline PASS; mutation DETECTED (ERR_ASSERTION)
M01-single-instance: baseline PASS; mutation FAILED WITHOUT ERR_ASSERTION (not counted)
M02-reserve-launch: baseline PASS; mutation DETECTED (ERR_ASSERTION)
M03-stop-publish: baseline PASS; mutation DETECTED (ERR_ASSERTION)
M05-credential-declared-only: baseline PASS; mutation DETECTED (ERR_ASSERTION)
M04-socket-ownership: baseline PASS; mutation DETECTED (ERR_ASSERTION)
M06-router-sets-declared: baseline PASS; mutation DETECTED (ERR_ASSERTION)
M07-runtime-exec-traversal: baseline PASS; mutation DETECTED (ERR_ASSERTION)
M09-runtime-lock-unproven-orphan: baseline PASS; mutation DETECTED (ERR_ASSERTION)
M10-library-node-electron: baseline PASS; mutation DETECTED (ERR_ASSERTION)
M11-usage-denied-counts: baseline PASS; mutation DETECTED (ERR_ASSERTION)
M12-usage-hour-bucket: baseline PASS; mutation DETECTED (ERR_ASSERTION)
M15-receipt-count-not-accumulated: baseline PASS; mutation DETECTED (ERR_ASSERTION)
M16-router-inject-observer-blocks-launch: baseline PASS; mutation FAILED WITHOUT ERR_ASSERTION (not counted)
M13-market-suite-protected: baseline PASS; mutation DETECTED (ERR_ASSERTION)
M14-provision-input-400: baseline PASS; mutation DETECTED (ERR_ASSERTION)
M17-market-seat-exclusive: baseline PASS; mutation FAILED WITHOUT ERR_ASSERTION (not counted)
M08-node-runtime-electron: baseline PASS; mutation DETECTED (ERR_ASSERTION)
M23-unregister-ignores-registration-identity: baseline PASS; mutation DETECTED (ERR_ASSERTION)
M24-unregister-orphans-runtime: baseline PASS; mutation DETECTED (ERR_ASSERTION)
M25-installed-lifecycle-always-optional: baseline PASS; mutation DETECTED (ERR_ASSERTION)
M26-entry-check-accepts-required-inject: baseline PASS; mutation DETECTED (ERR_ASSERTION)
M27-queued-open-skips-registration-check: baseline PASS; mutation DETECTED (ERR_ASSERTION)
M28-unregister-targets-outside-queue: baseline PASS; mutation DETECTED (ERR_ASSERTION)
M30-registration-id-from-content-hash: baseline PASS; mutation DETECTED (ERR_ASSERTION)
M31-unregister-marks-stopping-in-later-step: baseline PASS; mutation DETECTED (ERR_ASSERTION)
M32-open-adopts-definition-of-stopping-instance: baseline PASS; mutation DETECTED (ERR_ASSERTION)
M29-unregister-stops-other-apps: baseline PASS; mutation DETECTED (ERR_ASSERTION)
Mutation guard PASS: 32/32 mutations fail their targeted test; 29/32 detected by ERR_ASSERTION; not counted (fail without ERR_ASSERTION): M01-single-instance, M16-router-inject-observer-blocks-launch, M17-market-seat-exclusive.
