TAP version 13
# H02 real process evidence: {"opens":8,"pids":[800]}
# Subtest: H02: eight concurrent opens reserve one actual application process
ok 1 - H02: eight concurrent opens reserve one actual application process
  ---
  duration_ms: 263.709584
  type: 'test'
  ...
# H03 actual directory contents: {"a":{"path":"/tmp/hm-app-host-767-owuHzd/data/4740ae6347b0172c01254ff5/example/local/data-v1/64eccce2-327d-44b2-b481-2c1d243302b9","files":[".runtime.lock","cache","config","home","runtime-evidence.json","state","tmp","write-1969bd06-59b8-4813-ab75-d10a4b326c2d.txt"]},"b":{"path":"/tmp/hm-app-host-767-owuHzd/data/4740ae6347b0172c01254ff5/example/local/data-v1/1f2d2a02-dbfa-48d1-92f0-6fa8eb5a7ee2","files":[".runtime.lock","cache","config","home","runtime-evidence.json","state","tmp","write-e74d844d-d387-4276-86e8-84539d24aaa1.txt"]}}
# Subtest: H03: multi-instance applications write genuinely separate data roots
ok 2 - H03: multi-instance applications write genuinely separate data roots
  ---
  duration_ms: 373.929277
  type: 'test'
  ...
# Subtest: H04/H05: reopen is idempotent; closing one view does not stop the other
ok 3 - H04/H05: reopen is idempotent; closing one view does not stop the other
  ---
  duration_ms: 239.184787
  type: 'test'
  ...
# H06 durable slot restore: {"old":"93a737c4-37a1-45dd-9b66-82621afbfc88","restored":"93a737c4-37a1-45dd-9b66-82621afbfc88","originalSessionId":"document-exact-a"}
# Subtest: H06: restart/resume preserves exact view, deployment, data and original-session identities
not ok 4 - H06: restart/resume preserves exact view, deployment, data and original-session identities
  ---
  duration_ms: 677.95777
  type: 'test'
  location: '/mnt/data/work/hanamesh-plugin-app-host/tests/manager.test.mjs:35:1'
  failureType: 'hookFailed'
  error: 'Some runtimes could not be confirmed stopped.'
  code: 'STOP_ALL_INCOMPLETE'
  name: 'AppHostError'
  stack: |-
    AppHost.stopAll (file:///mnt/data/work/hanamesh-plugin-app-host/src/manager.js:399:30)
    async file:///mnt/data/work/hanamesh-plugin-app-host/src/manager.js:438:32
    async AppHost.dispose (file:///mnt/data/work/hanamesh-plugin-app-host/src/manager.js:439:12)
    async TestContext.<anonymous> (file:///mnt/data/work/hanamesh-plugin-app-host/tests/helpers.mjs:22:22)
    async TestHook.run (node:internal/test_runner/test:1054:7)
    async Test.runHook (node:internal/test_runner/test:965:9)
    async after (node:internal/test_runner/test:1005:9)
    async Test.run (node:internal/test_runner/test:1070:7)
    async Test.processPendingSubtests (node:internal/test_runner/test:744:7)
  ...
# Subtest: H07: forged, expired-generation, and cross-principal close cannot decrement another lease
ok 5 - H07: forged, expired-generation, and cross-principal close cannot decrement another lease
  ---
  duration_ms: 455.616286
  type: 'test'
  ...
# Subtest: H08: busy Stop explains occupiers; confirmed stop emits durable notifications for every view
ok 6 - H08: busy Stop explains occupiers; confirmed stop emits durable notifications for every view
  ---
  duration_ms: 235.020567
  type: 'test'
  ...
# Subtest: H09: attach close, stopAll and dispose never signal the external process
ok 7 - H09: attach close, stopAll and dispose never signal the external process
  ---
  duration_ms: 92.973005
  type: 'test'
  ...
# Subtest: H10: expired leases converge without any unload request
ok 8 - H10: expired leases converge without any unload request
  ---
  duration_ms: 489.598884
  type: 'test'
  ...
# Subtest: AH: startup cancellation receipt stops the actual child and does not return false-ready
ok 9 - AH: startup cancellation receipt stops the actual child and does not return false-ready
  ---
  duration_ms: 142.673679
  type: 'test'
  ...
# Subtest: AH: never-ready startup is bounded, cleans up, and supports an explicit retry
ok 10 - AH: never-ready startup is bounded, cleans up, and supports an explicit retry
  ---
  duration_ms: 545.405211
  type: 'test'
  ...
# Subtest: AH: spontaneous application exit cannot leave ready forever
ok 11 - AH: spontaneous application exit cannot leave ready forever
  ---
  duration_ms: 264.927646
  type: 'test'
  ...
# Subtest: AH: disjoint applications launch independently and cannot rebind an existing view
ok 12 - AH: disjoint applications launch independently and cannot rebind an existing view
  ---
  duration_ms: 285.617735
  type: 'test'
  ...
# Subtest: AH: host secrets are not inherited; logs redact bearer and JSON secrets
ok 13 - AH: host secrets are not inherited; logs redact bearer and JSON secrets
  ---
  duration_ms: 222.175475
  type: 'test'
  ...
# Subtest: AH: confirmed Stop removes a SIGTERM-resistant descendant in its owned group
ok 14 - AH: confirmed Stop removes a SIGTERM-resistant descendant in its owned group
  ---
  duration_ms: 229.092166
  type: 'test'
  ...
