TAP version 13
# Subtest: AH-VL01: real market client keeps one idle view renewed beyond its original TTL with exact current credential
ok 1 - AH-VL01: real market client keeps one idle view renewed beyond its original TTL with exact current credential
  ---
  duration_ms: 8.093
  type: 'test'
  ...
# Subtest: AH-VL02: close-last-view cancels renewals immediately and sends one explicit lease close
ok 2 - AH-VL02: close-last-view cancels renewals immediately and sends one explicit lease close
  ---
  duration_ms: 2.216958
  type: 'test'
  ...
# Subtest: AH-VL03: hiding the overlay releases the exact lease and never keeps a hidden view alive
ok 3 - AH-VL03: hiding the overlay releases the exact lease and never keeps a hidden view alive
  ---
  duration_ms: 1.090666
  type: 'test'
  ...
# Subtest: AH-VL04: unmount during in-flight heartbeat aborts it, closes once and ignores its late completion
ok 4 - AH-VL04: unmount during in-flight heartbeat aborts it, closes once and ignores its late completion
  ---
  duration_ms: 1.0585
  type: 'test'
  ...
# Subtest: AH-VL05: transient heartbeat transport failure is observed and retried without creating a new view
ok 5 - AH-VL05: transient heartbeat transport failure is observed and retried without creating a new view
  ---
  duration_ms: 0.5495
  type: 'test'
  ...
# Subtest: AH-VL06: terminal expired lease is not silently resumed or renewed forever
ok 6 - AH-VL06: terminal expired lease is not silently resumed or renewed forever
  ---
  duration_ms: 0.433916
  type: 'test'
  ...
# Subtest: AH-VL07: pagehide performs best-effort close, cancels heartbeat and unmount does not duplicate close
ok 7 - AH-VL07: pagehide performs best-effort close, cancels heartbeat and unmount does not duplicate close
  ---
  duration_ms: 0.860084
  type: 'test'
  ...
1..7
# tests 7
# suites 0
# pass 7
# fail 0
# cancelled 0
# skipped 0
# todo 0
# duration_ms 55.593667
