TAP version 13
# Subtest: H13 REAL_BROWSER: named parent embeds unchanged app; direct top navigation and iframe control calls are denied
ok 1 - H13 REAL_BROWSER: named parent embeds unchanged app; direct top navigation and iframe control calls are denied # SKIP REAL_BROWSER unavailable: isolated Chromium binary was not found.
  ---
  duration_ms: 1.697917
  type: 'test'
  ...
# Subtest: H10 REAL_BROWSER: SIGKILL browser process group, no unload, lease expiry stops actual owned application
ok 2 - H10 REAL_BROWSER: SIGKILL browser process group, no unload, lease expiry stops actual owned application # SKIP REAL_BROWSER unavailable: isolated Chromium binary was not found.
  ---
  duration_ms: 0.420334
  type: 'test'
  ...
# Subtest: AH-VL08: actual default90s lease survives idle market client and last-view close ends exact owned group
ok 3 - AH-VL08: actual default90s lease survives idle market client and last-view close ends exact owned group # SKIP
  ---
  duration_ms: 0.418834
  type: 'test'
  ...
# Subtest: AH-VL01: real market client keeps one idle view renewed beyond its original TTL with exact current credential
ok 4 - AH-VL01: real market client keeps one idle view renewed beyond its original TTL with exact current credential
  ---
  duration_ms: 6.2885
  type: 'test'
  ...
# Subtest: AH-VL02: close-last-view cancels renewals immediately and sends one explicit lease close
ok 5 - AH-VL02: close-last-view cancels renewals immediately and sends one explicit lease close
  ---
  duration_ms: 1.682375
  type: 'test'
  ...
# Subtest: AH-VL03: hiding the overlay releases the exact lease and never keeps a hidden view alive
ok 6 - AH-VL03: hiding the overlay releases the exact lease and never keeps a hidden view alive
  ---
  duration_ms: 0.873167
  type: 'test'
  ...
# Subtest: AH-VL04: unmount during in-flight heartbeat aborts it, closes once and ignores its late completion
ok 7 - AH-VL04: unmount during in-flight heartbeat aborts it, closes once and ignores its late completion
  ---
  duration_ms: 0.795209
  type: 'test'
  ...
# Subtest: AH-VL05: transient heartbeat transport failure is observed and retried without creating a new view
ok 8 - AH-VL05: transient heartbeat transport failure is observed and retried without creating a new view
  ---
  duration_ms: 0.600334
  type: 'test'
  ...
# Subtest: AH-VL06: terminal expired lease is not silently resumed or renewed forever
ok 9 - AH-VL06: terminal expired lease is not silently resumed or renewed forever
  ---
  duration_ms: 0.543042
  type: 'test'
  ...
# Subtest: AH-VL07: pagehide performs best-effort close, cancels heartbeat and unmount does not duplicate close
ok 10 - AH-VL07: pagehide performs best-effort close, cancels heartbeat and unmount does not duplicate close
  ---
  duration_ms: 0.773875
  type: 'test'
  ...
# Subtest: AH-VL09: clicking close during in-flight heartbeat fences its late response and releases exactly once
ok 11 - AH-VL09: clicking close during in-flight heartbeat fences its late response and releases exactly once
  ---
  duration_ms: 0.521375
  type: 'test'
  ...
# Subtest: AH-VL10: failed close can be explicitly retried after network recovery without restarting renewal
ok 12 - AH-VL10: failed close can be explicitly retried after network recovery without restarting renewal
  ---
  duration_ms: 0.484083
  type: 'test'
  ...
# Subtest: AH-VL11: overlapping explicit closes share the in-flight request and successful cleanup remains idempotent
ok 13 - AH-VL11: overlapping explicit closes share the in-flight request and successful cleanup remains idempotent
  ---
  duration_ms: 1.126875
  type: 'test'
  ...
# Subtest: AH-VL12: late ready Open receipt after hiding is closed without anonymous resume or renewal
ok 14 - AH-VL12: late ready Open receipt after hiding is closed without anonymous resume or renewal
  ---
  duration_ms: 0.708292
  type: 'test'
  ...
# Subtest: AH-VL12: late starting Open receipt after hiding is closed without anonymous resume or renewal
ok 15 - AH-VL12: late starting Open receipt after hiding is closed without anonymous resume or renewal
  ---
  duration_ms: 0.58175
  type: 'test'
  ...
# Subtest: AH-VL13: late Open receipt after unmount is explicitly closed and never polled or retained
ok 16 - AH-VL13: late Open receipt after unmount is explicitly closed and never polled or retained
  ---
  duration_ms: 0.885875
  type: 'test'
  ...
# Subtest: AH-VL14: hiding then reopening market does not resurrect an old pending Open receipt
ok 17 - AH-VL14: hiding then reopening market does not resurrect an old pending Open receipt
  ---
  duration_ms: 0.681375
  type: 'test'
  ...
# Subtest: X01: consistency declaration covers each production group and boundary
ok 18 - X01: consistency declaration covers each production group and boundary
  ---
  duration_ms: 4.481333
  type: 'test'
  ...
# X02 first-lease: {"point":"snapshot-temp-fsynced","death":{"code":null,"signal":"SIGKILL"},"facts":[false,false,false],"revision":0}
# Subtest: X02 first-lease: real SIGKILL at snapshot-temp-fsynced restores all or none
ok 19 - X02 first-lease: real SIGKILL at snapshot-temp-fsynced restores all or none
  ---
  duration_ms: 106.122375
  type: 'test'
  ...
# X02 stopped-views: {"point":"snapshot-temp-fsynced","death":{"code":null,"signal":"SIGKILL"},"facts":[false,false,false],"revision":4}
# Subtest: X02 stopped-views: real SIGKILL at snapshot-temp-fsynced restores all or none
ok 20 - X02 stopped-views: real SIGKILL at snapshot-temp-fsynced restores all or none
  ---
  duration_ms: 375.573667
  type: 'test'
  ...
# X02 first-lease: {"point":"snapshot-published","death":{"code":null,"signal":"SIGKILL"},"facts":[true,true,true],"revision":1}
# Subtest: X02 first-lease: real SIGKILL at snapshot-published restores all or none
ok 21 - X02 first-lease: real SIGKILL at snapshot-published restores all or none
  ---
  duration_ms: 106.999041
  type: 'test'
  ...
# X02 stopped-views: {"point":"snapshot-published","death":{"code":null,"signal":"SIGKILL"},"facts":[true,true,true],"revision":5}
# Subtest: X02 stopped-views: real SIGKILL at snapshot-published restores all or none
ok 22 - X02 stopped-views: real SIGKILL at snapshot-published restores all or none
  ---
  duration_ms: 400.84225
  type: 'test'
  ...
# X03 reserve-launch: {"signal":"SIGKILL","instanceId":"2cdc6d9c-df1a-4c03-ba96-6621b8c177da","pid":96588,"appWroteData":true,"durableOwner":true,"guardianCleanup":true}
# Subtest: X03 reserve-launch: SIGKILL after actual process writes leaves a durable owner, never unowned data
ok 23 - X03 reserve-launch: SIGKILL after actual process writes leaves a durable owner, never unowned data
  ---
  duration_ms: 280.227625
  type: 'test'
  ...
# X03 stop-publish: {"signal":"SIGKILL","stateAfterRestart":"stopping","aliveAtCut":false,"aliveAfterRestart":false}
# Subtest: X03 stop-publish: SIGKILL at stop boundary cannot advertise stopped while the app is alive
ok 24 - X03 stop-publish: SIGKILL at stop boundary cannot advertise stopped while the app is alive
  ---
  duration_ms: 368.935709
  type: 'test'
  ...
# H12 real host kill/resume: {"stableInstance":"f1820fc5-a171-43c0-8da6-340fe49bcbcc","oldRuntime":"d378de07-c6e3-4060-8f83-e71e7d66b850","newRuntime":"13544f41-f1f2-4c30-aa72-c8bdccea301e","dataRetained":true}
# Subtest: H12/H06: SIGKILL host, guardian cleanup, fresh host exact-identity resume and persisted app data
ok 25 - H12/H06: SIGKILL host, guardian cleanup, fresh host exact-identity resume and persisted app data
  ---
  duration_ms: 620.789
  type: 'test'
  ...
# Subtest: AH-C1: credentialEnv is validated — host control names, duplicates, static-env repeats and escaping paths are rejected
ok 26 - AH-C1: credentialEnv is validated — host control names, duplicates, static-env repeats and escaping paths are rejected
  ---
  duration_ms: 3.880583
  type: 'test'
  ...
# Subtest: AH-C2/C3/C4: resolver values reach the child only for declared names; undeclared env and escaping files are rejected with events; logs are redacted
ok 27 - AH-C2/C3/C4: resolver values reach the child only for declared names; undeclared env and escaping files are rejected with events; logs are redacted
  ---
  duration_ms: 293.011625
  type: 'test'
  ...
# Subtest: AH-C5: a throwing resolver is recorded and never blocks the launch
ok 28 - AH-C5: a throwing resolver is recorded and never blocks the launch
  ---
  duration_ms: 291
  type: 'test'
  ...
# Subtest: AH-C6: without a resolver (or after its disposer ran) nothing is injected and no credential event exists
ok 29 - AH-C6: without a resolver (or after its disposer ran) nothing is injected and no credential event exists
  ---
  duration_ms: 294.515333
  type: 'test'
  ...
# Subtest: AH-C7 (rc.6): file policy — if-absent keeps an app-rotated file, overwrite replaces it, remove deletes it; events name each
ok 30 - AH-C7 (rc.6): file policy — if-absent keeps an app-rotated file, overwrite replaces it, remove deletes it; events name each
  ---
  duration_ms: 1163.0975
  type: 'test'
  ...
# Subtest: AH-P01: runtime deployment is valid without command and participates in the definition fingerprint
ok 31 - AH-P01: runtime deployment is valid without command and participates in the definition fingerprint
  ---
  duration_ms: 1.238792
  type: 'test'
  ...
# Subtest: AH-P02: runtime item, installTo and exec must remain inside the provisioned tree
ok 32 - AH-P02: runtime item, installTo and exec must remain inside the provisioned tree
  ---
  duration_ms: 0.3045
  type: 'test'
  ...
# Subtest: AH-P03: host launches the executable selected by the validated runtime and matching ledger
ok 33 - AH-P03: host launches the executable selected by the validated runtime and matching ledger
  ---
  duration_ms: 678.671166
  type: 'test'
  ...
# Subtest: AH-P04: missing, stale or non-executable runtime fails closed as RUNTIME_MISSING
    # Subtest: missing-ledger
    ok 1 - missing-ledger
      ---
      duration_ms: 27.787167
      type: 'test'
      ...
    # Subtest: stale-ledger
    ok 2 - stale-ledger
      ---
      duration_ms: 28.6455
      type: 'test'
      ...
    # Subtest: missing-exec
    ok 3 - missing-exec
      ---
      duration_ms: 25.741166
      type: 'test'
      ...
    # Subtest: non-executable
    ok 4 - non-executable
      ---
      duration_ms: 28.387958
      type: 'test'
      ...
    1..4
ok 34 - AH-P04: missing, stale or non-executable runtime fails closed as RUNTIME_MISSING
  ---
  duration_ms: 111.324
  type: 'test'
  ...
# Subtest: H01 (harness half): the plugin activates on a real Cordis root and provides ctx.hanameshApps
ok 35 - H01 (harness half): the plugin activates on a real Cordis root and provides ctx.hanameshApps
  ---
  duration_ms: 76.035042
  type: 'test'
  ...
# Subtest: H11: lease/instance state lands in the storage-domain sidecar and DSH still reads its own session
ok 36 - H11: lease/instance state lands in the storage-domain sidecar and DSH still reads its own session
  ---
  duration_ms: 386.02725
  type: 'test'
  ...
# Subtest: H14/AC-07 on the real web server: unauthenticated, wrong origin and iframe callers are refused
ok 37 - H14/AC-07 on the real web server: unauthenticated, wrong origin and iframe callers are refused
  ---
  duration_ms: 73.049
  type: 'test'
  ...
# Subtest: H09/dispose: unloading the plugin removes its routes, stops owned instances, and closes the domain
ok 38 - H09/dispose: unloading the plugin removes its routes, stops owned instances, and closes the domain
  ---
  duration_ms: 418.823125
  type: 'test'
  ...
# Subtest: AC-26 shape: without the connection service the plugin never activates, so no route is public
ok 39 - AC-26 shape: without the connection service the plugin never activates, so no route is public
  ---
  duration_ms: 337.773416
  type: 'test'
  ...
# Subtest: unit: bare apply() cannot masquerade as a loaded plugin
ok 40 - unit: bare apply() cannot masquerade as a loaded plugin
  ---
  duration_ms: 0.828333
  type: 'test'
  ...
# Subtest: teardown: a whole-root unload (profile shutdown) never orphans an owned process, even though the storage domain closes concurrently
ok 41 - teardown: a whole-root unload (profile shutdown) never orphans an owned process, even though the storage domain closes concurrently
  ---
  duration_ms: 370.4285
  type: 'test'
  ...
# Subtest: AH-L07 (plugin): an unconfigured library seeds the HanaMesh catalog source through the real Config schema; an explicit [] does not
ok 42 - AH-L07 (plugin): an unconfigured library seeds the HanaMesh catalog source through the real Config schema; an explicit [] does not
  ---
  duration_ms: 140.143375
  type: 'test'
  ...
# Subtest: AH-U07 (plugin): usage evidence reaches ctx.hanameshUsage.record when that sibling is provided — before or after this plugin — and its absence changes nothing
ok 43 - AH-U07 (plugin): usage evidence reaches ctx.hanameshUsage.record when that sibling is provided — before or after this plugin — and its absence changes nothing
  ---
  duration_ms: 1134.587542
  type: 'test'
  ...
# Subtest: AH-M08 (plugin): rc.28 market routes are registered on the real web server behind the same auth chain; without an installer the plugin seats answer 503, never 500
ok 44 - AH-M08 (plugin): rc.28 market routes are registered on the real web server behind the same auth chain; without an installer the plugin seats answer 503, never 500
  ---
  duration_ms: 71.577708
  type: 'test'
  ...
# Subtest: the library entry never pulls a DSH-only peer into a plain consumer import graph
ok 45 - the library entry never pulls a DSH-only peer into a plain consumer import graph
  ---
  duration_ms: 2.444458
  type: 'test'
  ...
# Subtest: H13: fixed gateway changes only XFO/frame-ancestors; preserves HTML, gzip and application headers
ok 46 - H13: fixed gateway changes only XFO/frame-ancestors; preserves HTML, gzip and application headers
  ---
  duration_ms: 88.979834
  type: 'test'
  ...
# Subtest: H14: gateway requires live capability; denies foreign origins, top navigation, arbitrary targets and ticket reuse
ok 47 - H14: gateway requires live capability; denies foreign origins, top navigation, arbitrary targets and ticket reuse
  ---
  duration_ms: 69.019542
  type: 'test'
  ...
# Subtest: H14: gateway strips DSH credentials, control headers and unregistered cookies
ok 48 - H14: gateway strips DSH credentials, control headers and unregistered cookies
  ---
  duration_ms: 71.95975
  type: 'test'
  ...
# Subtest: AH gateway: uploads, SSE, relative application paths and redirects retain transport semantics
ok 49 - AH gateway: uploads, SSE, relative application paths and redirects retain transport semantics
  ---
  duration_ms: 147.027584
  type: 'test'
  ...
# Subtest: AH gateway: real WebSocket upgrade preserves frame bytes
ok 50 - AH gateway: real WebSocket upgrade preserves frame bytes
  ---
  duration_ms: 69.10825
  type: 'test'
  ...
# Subtest: H15: embedded webview without third-party cookies — Fetch Metadata capability after a consumed bootstrap ticket
ok 51 - H15: embedded webview without third-party cookies — Fetch Metadata capability after a consumed bootstrap ticket
  ---
  duration_ms: 76.338667
  type: 'test'
  ...
# Subtest: H15: no bootstrap ever consumed → Fetch Metadata alone never authorizes
ok 52 - H15: no bootstrap ever consumed → Fetch Metadata alone never authorizes
  ---
  duration_ms: 99.558083
  type: 'test'
  ...
# Subtest: H15: embedded WebSocket handshake authorizes by the app origin without a cookie; foreign origin denied
ok 53 - H15: embedded WebSocket handshake authorizes by the app origin without a cookie; foreign origin denied
  ---
  duration_ms: 69.504625
  type: 'test'
  ...
# Subtest: H16: frame-ancestors lists the shell webview origin as well as the workspace; bogus ancestors are refused
ok 54 - H16: frame-ancestors lists the shell webview origin as well as the workspace; bogus ancestors are refused
  ---
  duration_ms: 70.86475
  type: 'test'
  ...
# Subtest: AH-L09: catalog items may carry schema-allowed updatedAt
ok 55 - AH-L09: catalog items may carry schema-allowed updatedAt
  ---
  duration_ms: 0.63175
  type: 'test'
  ...
# Subtest: AH-L01: fixture catalog validates all entries and exposes only installable HanaMesh applications
ok 56 - AH-L01: fixture catalog validates all entries and exposes only installable HanaMesh applications
  ---
  duration_ms: 2.099709
  type: 'test'
  ...
# Subtest: AH-L02: catalog URLs are standard-port HTTPS and redirects remain same-origin
ok 57 - AH-L02: catalog URLs are standard-port HTTPS and redirects remain same-origin
  ---
  duration_ms: 9.645
  type: 'test'
  ...
# Subtest: AH-L04/L05: install uses explicit Node + DSH argv, exact stable registry version, then provisions the declared item
ok 58 - AH-L04/L05: install uses explicit Node + DSH argv, exact stable registry version, then provisions the declared item
  ---
  duration_ms: 11.849875
  type: 'test'
  ...
# Subtest: AH-L06: uninstall removes the package and owned runtime but preserves application data
ok 59 - AH-L06: uninstall removes the package and owned runtime but preserves application data
  ---
  duration_ms: 1.589708
  type: 'test'
  ...
# Subtest: AH-L03: installed scan reports registered, installed-not-loaded and runtime-missing independently of catalog sources
ok 60 - AH-L03: installed scan reports registered, installed-not-loaded and runtime-missing independently of catalog sources
  ---
  duration_ms: 10.464542
  type: 'test'
  ...
# Subtest: AH-L07: library.sources unset → the HanaMesh catalog source is seeded; an explicit [] stays empty
ok 61 - AH-L07: library.sources unset → the HanaMesh catalog source is seeded; an explicit [] stays empty
  ---
  duration_ms: 4.004375
  type: 'test'
  ...
# Subtest: AH-L08: profileDir/profileName are inferred from the package's own real location inside a `dsh plugin` profile
ok 62 - AH-L08: profileDir/profileName are inferred from the package's own real location inside a `dsh plugin` profile
  ---
  duration_ms: 9.435791
  type: 'test'
  ...
# Subtest: AH-L09: nodeBinary is this process only outside Electron; explicit configuration always wins
ok 63 - AH-L09: nodeBinary is this process only outside Electron; explicit configuration always wins
  ---
  duration_ms: 2.907167
  type: 'test'
  ...
# Subtest: AH-L10: dshBin is taken from argv[1] only when that script is @deepseek-ai/dsh/lib/bin.js
ok 64 - AH-L10: dshBin is taken from argv[1] only when that script is @deepseek-ai/dsh/lib/bin.js
  ---
  duration_ms: 0.921209
  type: 'test'
  ...
# Subtest: AH-M01: a catalog plugin installs through the same `dsh plugin add --save-exact` path as an application, reads no app.json and provisions nothing
ok 65 - AH-M01: a catalog plugin installs through the same `dsh plugin add --save-exact` path as an application, reads no app.json and provisions nothing
  ---
  duration_ms: 5.827292
  type: 'test'
  ...
# Subtest: AH-M02: plugin uninstall is `dsh plugin remove <name>`; the HanaMesh suite itself is refused both ways (PACKAGE_DENIED)
ok 66 - AH-M02: plugin uninstall is `dsh plugin remove <name>`; the HanaMesh suite itself is refused both ways (PACKAGE_DENIED)
  ---
  duration_ms: 1.507125
  type: 'test'
  ...
# Subtest: AH-M03: installed plugins = profile dependencies minus application packages, with restart states from the boot snapshot
ok 67 - AH-M03: installed plugins = profile dependencies minus application packages, with restart states from the boot snapshot
  ---
  duration_ms: 8.856916
  type: 'test'
  ...
# Subtest: AH-M04: upgrade = catalog latestVersion strictly newer than the installed version (semver, prerelease below release)
ok 68 - AH-M04: upgrade = catalog latestVersion strictly newer than the installed version (semver, prerelease below release)
  ---
  duration_ms: 0.240666
  type: 'test'
  ...
# Subtest: AH-M05: the market listing annotates every entry with kind / installed row / upgradeAvailable, lists categories, installed plugins and restartRequired
ok 69 - AH-M05: the market listing annotates every entry with kind / installed row / upgradeAvailable, lists categories, installed plugins and restartRequired
  ---
  duration_ms: 5.367709
  type: 'test'
  ...
# Subtest: AH-M06 (LIB-PROVISION-INPUT): missing or malformed provision / uninstall / plugin fields answer 400 INVALID_INPUT before any operation starts; installedPlugins and the plugin routes are served
ok 70 - AH-M06 (LIB-PROVISION-INPUT): missing or malformed provision / uninstall / plugin fields answer 400 INVALID_INPUT before any operation starts; installedPlugins and the plugin routes are served
  ---
  duration_ms: 82.542333
  type: 'test'
  ...
# Subtest: AH-M07 (client source): the entry is 「市场」, cards carry kind/state/upgrade, and a plugin change shows 「需重启 DSH」 with the hanamesh://restart deep link only inside the shell
ok 71 - AH-M07 (client source): the entry is 「市场」, cards carry kind/state/upgrade, and a plugin change shows 「需重启 DSH」 with the hanamesh://restart deep link only inside the shell
  ---
  duration_ms: 0.970833
  type: 'test'
  ...
# Subtest: AH-L10: category, q and cursor reach the provider endpoint
ok 72 - AH-L10: category, q and cursor reach the provider endpoint
  ---
  duration_ms: 11.428417
  type: 'test'
  ...
# Subtest: AH-L11: library card tracks install/provision/uninstall operations via the event feed and shows failures inline (user 2026-09-20)
ok 73 - AH-L11: library card tracks install/provision/uninstall operations via the event feed and shows failures inline (user 2026-09-20)
  ---
  duration_ms: 1.497041
  type: 'test'
  ...
# H02 real process evidence: {"opens":8,"pids":[96948]}
# Subtest: H02: eight concurrent opens reserve one actual application process
ok 74 - H02: eight concurrent opens reserve one actual application process
  ---
  duration_ms: 295.983875
  type: 'test'
  ...
# H03 actual directory contents: {"a":{"path":"/private/tmp/hm-app-host-96942-gFxrg4/data/4740ae6347b0172c01254ff5/example/local/data-v1/66f1944f-d9f4-4949-bc50-ffb7dedf4d01","files":[".runtime.lock","cache","config","home","runtime-evidence.json","state","tmp","write-552cd6a0-2087-4d5a-b7ca-79a57a898e7e.txt"]},"b":{"path":"/private/tmp/hm-app-host-96942-gFxrg4/data/4740ae6347b0172c01254ff5/example/local/data-v1/08b876b3-b7a3-459f-984e-e67fc932ec89","files":[".runtime.lock","cache","config","home","runtime-evidence.json","state","tmp","write-099e819f-b2a7-46cc-8879-fb860fcc3351.txt"]}}
# Subtest: H03: multi-instance applications write genuinely separate data roots
ok 75 - H03: multi-instance applications write genuinely separate data roots
  ---
  duration_ms: 513.311792
  type: 'test'
  ...
# Subtest: H04/H05: reopen is idempotent; closing one view does not stop the other
ok 76 - H04/H05: reopen is idempotent; closing one view does not stop the other
  ---
  duration_ms: 337.663084
  type: 'test'
  ...
# H06 durable slot restore: {"old":"f23b6a03-3ca3-4c33-8e1c-b0656360333a","restored":"f23b6a03-3ca3-4c33-8e1c-b0656360333a","originalSessionId":"document-exact-a"}
# Subtest: H06: restart/resume preserves exact view, deployment, data and original-session identities
ok 77 - H06: restart/resume preserves exact view, deployment, data and original-session identities
  ---
  duration_ms: 910.23425
  type: 'test'
  ...
# Subtest: H07: forged, expired-generation, and cross-principal close cannot decrement another lease
ok 78 - H07: forged, expired-generation, and cross-principal close cannot decrement another lease
  ---
  duration_ms: 563.515583
  type: 'test'
  ...
# Subtest: H08: busy Stop explains occupiers; confirmed stop emits durable notifications for every view
ok 79 - H08: busy Stop explains occupiers; confirmed stop emits durable notifications for every view
  ---
  duration_ms: 299.177959
  type: 'test'
  ...
# Subtest: H09: attach close, stopAll and dispose never signal the external process
ok 80 - H09: attach close, stopAll and dispose never signal the external process
  ---
  duration_ms: 214.933417
  type: 'test'
  ...
# Subtest: H10: expired leases converge without any unload request
ok 81 - H10: expired leases converge without any unload request
  ---
  duration_ms: 552.996958
  type: 'test'
  ...
# Subtest: AH: startup cancellation receipt stops the actual child and does not return false-ready
ok 82 - AH: startup cancellation receipt stops the actual child and does not return false-ready
  ---
  duration_ms: 238.536875
  type: 'test'
  ...
# Subtest: AH: never-ready startup is bounded, cleans up, and supports an explicit retry
ok 83 - AH: never-ready startup is bounded, cleans up, and supports an explicit retry
  ---
  duration_ms: 704.512166
  type: 'test'
  ...
# Subtest: AH: spontaneous application exit cannot leave ready forever
ok 84 - AH: spontaneous application exit cannot leave ready forever
  ---
  duration_ms: 338.447083
  type: 'test'
  ...
# Subtest: AH: disjoint applications launch independently and cannot rebind an existing view
ok 85 - AH: disjoint applications launch independently and cannot rebind an existing view
  ---
  duration_ms: 411.213208
  type: 'test'
  ...
# Subtest: AH: host secrets are not inherited; logs redact bearer and JSON secrets
ok 86 - AH: host secrets are not inherited; logs redact bearer and JSON secrets
  ---
  duration_ms: 287.173875
  type: 'test'
  ...
# Subtest: AH: confirmed Stop removes a SIGTERM-resistant descendant in its owned group
ok 87 - AH: confirmed Stop removes a SIGTERM-resistant descendant in its owned group
  ---
  duration_ms: 292.712875
  type: 'test'
  ...
# Subtest: FIX-01: lost receipt recovery is owner-confirmed, fences old credentials and retains exact identity
ok 88 - FIX-01: lost receipt recovery is owner-confirmed, fences old credentials and retains exact identity
  ---
  duration_ms: 308.096459
  type: 'test'
  ...
# Subtest: FIX-01 gateway: closed/recovered generations never regain iframe capabilities after reopen
ok 89 - FIX-01 gateway: closed/recovered generations never regain iframe capabilities after reopen
  ---
  duration_ms: 321.210333
  type: 'test'
  ...
# Subtest: AH recovery: tampered data-root bindings cannot redirect application writes
ok 90 - AH recovery: tampered data-root bindings cannot redirect application writes
  ---
  duration_ms: 306.638292
  type: 'test'
  ...
# Subtest: AH-D1: an upgraded descriptor is adopted by a stopped instance across a host restart
ok 91 - AH-D1: an upgraded descriptor is adopted by a stopped instance across a host restart
  ---
  duration_ms: 584.364875
  type: 'test'
  ...
# Subtest: AH-MS01: with no dshmarket the plugin provides the `market` seat, and the seat renders the market page and can hide our own entry
ok 92 - AH-MS01: with no dshmarket the plugin provides the `market` seat, and the seat renders the market page and can hide our own entry
  ---
  duration_ms: 4.083584
  type: 'test'
  ...
# Subtest: AH-MS02: dshmarket installed in the profile — the seat is left alone, the market page carries the 「只能其一」 notice, and the host logged it
ok 93 - AH-MS02: dshmarket installed in the profile — the seat is left alone, the market page carries the 「只能其一」 notice, and the host logged it
  ---
  duration_ms: 1.7825
  type: 'test'
  ...
# Subtest: AH-MS03: dshmarket already holding the seat is detected before we try to provide it
ok 94 - AH-MS03: dshmarket already holding the seat is detected before we try to provide it
  ---
  duration_ms: 0.364125
  type: 'test'
  ...
# Subtest: AH-MS04: an unreachable host never blocks the seat, and disposing the plugin gives the seat back
ok 95 - AH-MS04: an unreachable host never blocks the seat, and disposing the plugin gives the seat back
  ---
  duration_ms: 0.461
  type: 'test'
  ...
# Subtest: AH-MS05: the in-shell restart goes through the shell postMessage bridge, not a blocked iframe scheme navigation
ok 96 - AH-MS05: the in-shell restart goes through the shell postMessage bridge, not a blocked iframe scheme navigation
  ---
  duration_ms: 0.488958
  type: 'test'
  ...
# Subtest: AH-K5-1: guardian and launcher use the explicit executable Node runtime
ok 97 - AH-K5-1: guardian and launcher use the explicit executable Node runtime
  ---
  duration_ms: 297.750375
  type: 'test'
  ...
# Subtest: AH-K5-1: internal runtime environment has only the controlled whitelist
ok 98 - AH-K5-1: internal runtime environment has only the controlled whitelist
  ---
  duration_ms: 0.4025
  type: 'test'
  ...
# Subtest: AH-K5-2: Electron self-hosting refuses fallback and persists a failed instance event
ok 99 - AH-K5-2: Electron self-hosting refuses fallback and persists a failed instance event
  ---
  duration_ms: 30.601959
  type: 'test'
  ...
# Subtest: AH-K5-2: configured nodeBinary must be absolute and executable
ok 100 - AH-K5-2: configured nodeBinary must be absolute and executable
  ---
  duration_ms: 3.138333
  type: 'test'
  ...
# Subtest: AH-K5-3: guardian refuses an Electron runtime with exit 78 and a typed event
ok 101 - AH-K5-3: guardian refuses an Electron runtime with exit 78 and a typed event
  ---
  duration_ms: 42.053708
  type: 'test'
  ...
# {"evidence":"REAL_PROCESS_ISOLATED","result":"spawned","elapsedMs":5122,"oldOrphanPid":97334,"newGuardianPid":97337,"newAppPid":97538,"lockOwner":97337,"trace":[{"at":1790672159076,"message":"ORPHAN_READY"},{"at":1790672159141,"message":"ORPHAN_TERM_IGNORED"}]}
# Subtest: AH-L07: proven orphan reclamation gets its declared grace before the launch handshake budget
ok 102 - AH-L07: proven orphan reclamation gets its declared grace before the launch handshake budget
  ---
  duration_ms: 10201.580083
  type: 'test'
  ...
# Subtest: AH-L08: hung ownership guardian is bounded by bootstrap plus declared grace and kill confirmation
ok 103 - AH-L08: hung ownership guardian is bounded by bootstrap plus declared grace and kill confirmation
  ---
  duration_ms: 7064.17125
  type: 'test'
  ...
# Subtest: AH-L09: after ownership-ready a hung launcher handshake keeps its independent five second bound
ok 104 - AH-L09: after ownership-ready a hung launcher handshake keeps its independent five second bound
  ---
  duration_ms: 5351.022959
  type: 'test'
  ...
# Subtest: AH-L10: guardian error before ownership-ready fails immediately
ok 105 - AH-L10: guardian error before ownership-ready fails immediately
  ---
  duration_ms: 339.063208
  type: 'test'
  ...
# Subtest: AH-L10: guardian exit before ownership-ready fails immediately
ok 106 - AH-L10: guardian exit before ownership-ready fails immediately
  ---
  duration_ms: 418.580125
  type: 'test'
  ...
# Subtest: AH-L10: guardian error after ownership-ready fails immediately
ok 107 - AH-L10: guardian error after ownership-ready fails immediately
  ---
  duration_ms: 330.878875
  type: 'test'
  ...
# Subtest: AH-L10: guardian exit after ownership-ready fails immediately
ok 108 - AH-L10: guardian exit after ownership-ready fails immediately
  ---
  duration_ms: 324.365375
  type: 'test'
  ...
# Subtest: AH-R01 directory reports configured references but never exposes values
ok 109 - AH-R01 directory reports configured references but never exposes values
  ---
  duration_ms: 0.605917
  type: 'test'
  ...
# Subtest: AH-R02 a configured provider the entry accepts is auto-routed; revoke opts out; explicit grant overrides
ok 110 - AH-R02 a configured provider the entry accepts is auto-routed; revoke opts out; explicit grant overrides
  ---
  duration_ms: 2.155125
  type: 'test'
  ...
# Subtest: AH-R02b the OpenAI-compatible Coding OAuth gateway auto-routes to an `openai` slot only when no OpenAI key exists
ok 111 - AH-R02b the OpenAI-compatible Coding OAuth gateway auto-routes to an `openai` slot only when no OpenAI key exists
  ---
  duration_ms: 0.767209
  type: 'test'
  ...
# Subtest: AH-R01 grant keeps matching-consumer risk acknowledgement for legacy grant slots
ok 112 - AH-R01 grant keeps matching-consumer risk acknowledgement for legacy grant slots
  ---
  duration_ms: 0.281625
  type: 'test'
  ...
# Subtest: AH-R01 absent OAuth leaves a selected grant missing without reading its record
ok 113 - AH-R01 absent OAuth leaves a selected grant missing without reading its record
  ---
  duration_ms: 0.105917
  type: 'test'
  ...
# Subtest: AH-R01/AK11 file projection lifecycle follows host events and app-owned cleanup
ok 114 - AH-R01/AK11 file projection lifecycle follows host events and app-owned cleanup
  ---
  duration_ms: 0.428625
  type: 'test'
  ...
# Subtest: AH-R01 interrupted launch keeps durable file intent
ok 115 - AH-R01 interrupted launch keeps durable file intent
  ---
  duration_ms: 0.152625
  type: 'test'
  ...
# Subtest: AH-R11/AK11 sets expands provider, baseUrl and model and ignores undeclared or empty targets
ok 116 - AH-R11/AK11 sets expands provider, baseUrl and model and ignores undeclared or empty targets
  ---
  duration_ms: 0.158292
  type: 'test'
  ...
# Subtest: AH-R05 sets default applies and empty baseUrl is omitted
ok 117 - AH-R05 sets default applies and empty baseUrl is omitted
  ---
  duration_ms: 0.116125
  type: 'test'
  ...
# Subtest: AH-R02c auto-route keeps the app's declared default model and never routes a derived slot
ok 118 - AH-R02c auto-route keeps the app's declared default model and never routes a derived slot
  ---
  duration_ms: 0.523
  type: 'test'
  ...
# Subtest: AH-R12 (T6) every injection tells the receipt observer the routed provider and model — never the value — and local receipts are readable per app
ok 119 - AH-R12 (T6) every injection tells the receipt observer the routed provider and model — never the value — and local receipts are readable per app
  ---
  duration_ms: 0.407042
  type: 'test'
  ...
# Subtest: AH-R01/AK09: locked app-host file policies preserve rotated files and remove revoked grants
ok 120 - AH-R01/AK09: locked app-host file policies preserve rotated files and remove revoked grants
  ---
  duration_ms: 1687.832709
  type: 'test'
  ...
# Subtest: AH-R02 dsh-models describes refs without resolving values and adds pinned llm metadata
ok 121 - AH-R02 dsh-models describes refs without resolving values and adds pinned llm metadata
  ---
  duration_ms: 1.3385
  type: 'test'
  ...
# Subtest: AH-R03 coding gateway maps 404, off, configured and unreachable without exposing apiKey
ok 122 - AH-R03 coding gateway maps 404, off, configured and unreachable without exposing apiKey
  ---
  duration_ms: 1.119792
  type: 'test'
  ...
# Subtest: AH-R09 file gateway requires mode 0600 and returns the same provider contract
ok 123 - AH-R09 file gateway requires mode 0600 and returns the same provider contract
  ---
  duration_ms: 3.11225
  type: 'test'
  ...
# Subtest: AH-R08 every router route rejects missing client header, wrong origin, iframe and unauthenticated calls
ok 124 - AH-R08 every router route rejects missing client header, wrong origin, iframe and unauthenticated calls
  ---
  duration_ms: 14.830792
  type: 'test'
  ...
# Subtest: H14: every browser command/env/cwd/path/url override is rejected before spawn
ok 125 - H14: every browser command/env/cwd/path/url override is rejected before spawn
  ---
  duration_ms: 22.758875
  type: 'test'
  ...
# Subtest: H14: control routes require authentication, CSRF header, exact origin and host
ok 126 - H14: control routes require authentication, CSRF header, exact origin and host
  ---
  duration_ms: 10.243458
  type: 'test'
  ...
# Subtest: AH routes: startup receipt can be cancelled and tokens are not leaked through list/events
ok 127 - AH routes: startup receipt can be cancelled and tokens are not leaked through list/events
  ---
  duration_ms: 216.329625
  type: 'test'
  ...
# Subtest: H08: busy Stop is HTTP 409 and names the occupying view
ok 128 - H08: busy Stop is HTTP 409 and names the occupying view
  ---
  duration_ms: 222.045375
  type: 'test'
  ...
# AH-L01 reclaimed stale owner: {"deadPid":98154}
# Subtest: AH-L01: a runtime lock left by a dead owner is reclaimed (current and legacy record shapes)
ok 129 - AH-L01: a runtime lock left by a dead owner is reclaimed (current and legacy record shapes)
  ---
  duration_ms: 63.08775
  type: 'test'
  ...
# AH-L02 live owner blocks: {"pid":98175,"start":"Tue Sep 29 17:56:25 2026"}
# Subtest: AH-L02: a live owner still blocks, names its pid, and is never signalled
ok 130 - AH-L02: a live owner still blocks, names its pid, and is never signalled
  ---
  duration_ms: 87.488834
  type: 'test'
  ...
# AH-L03 pid reuse treated as dead: {"pid":98191,"liveStart":"Tue Sep 29 17:56:25 2026"}
# Subtest: AH-L03: same pid with a different start token is a reused pid: reclaimed, and the stranger is not signalled
ok 131 - AH-L03: same pid with a different start token is a reused pid: reclaimed, and the stranger is not signalled
  ---
  duration_ms: 90.384083
  type: 'test'
  ...
# AH-L04 orphan handling: {"unproven":98218,"terminated":98239,"death":{"code":null,"signal":"SIGKILL"}}
# Subtest: AH-L04: a surviving recorded child blocks unless provably ours; provably-ours orphans are terminated first
ok 132 - AH-L04: a surviving recorded child blocks unless provably ours; provably-ours orphans are terminated first
  ---
  duration_ms: 237.474417
  type: 'test'
  ...
# AH-L05 reclaimed after tree kill: {"oldGuardian":98263,"oldApp":98268,"newApp":98338,"newGuardian":98305}
# Subtest: AH-L05: shell tree force-killed -> next open reclaims the stale runtime lock and replaces the orphaned app
ok 133 - AH-L05: shell tree force-killed -> next open reclaims the stale runtime lock and replaces the orphaned app
  ---
  duration_ms: 667.944375
  type: 'test'
  ...
# AH-L06 unproven orphan keeps the lock: {"launcherPid":98495,"appPid":98507}
# Subtest: AH-L06: shell tree force-killed but the orphan cannot be proven ours -> open keeps failing DATA_ROOT_BUSY with the live pid
ok 134 - AH-L06: shell tree force-killed but the orphan cannot be proven ours -> open keeps failing DATA_ROOT_BUSY with the live pid
  ---
  duration_ms: 377.704625
  type: 'test'
  ...
# Subtest: AH store: pre-publish failure preserves prior image; post-publish failure is explicitly uncertain
ok 135 - AH store: pre-publish failure preserves prior image; post-publish failure is explicitly uncertain
  ---
  duration_ms: 33.071166
  type: 'test'
  ...
# Subtest: AH store: a second live owner is rejected and cannot silently overwrite state
ok 136 - AH store: a second live owner is rejected and cannot silently overwrite state
  ---
  duration_ms: 31.214667
  type: 'test'
  ...
# Subtest: AH store: corrupt snapshots and symlinked roots fail closed
ok 137 - AH store: corrupt snapshots and symlinked roots fail closed
  ---
  duration_ms: 9.484875
  type: 'test'
  ...
# Subtest: AH readiness: unrelated HTTP 200 with the same app marker is not owned readiness
ok 138 - AH readiness: unrelated HTTP 200 with the same app marker is not owned readiness
  ---
  duration_ms: 229.560583
  type: 'test'
  ...
# Subtest: AH descriptors: relative commands, shell-style launch, missing data binding and host env are rejected
ok 139 - AH descriptors: relative commands, shell-style launch, missing data binding and host env are rejected
  ---
  duration_ms: 0.994625
  type: 'test'
  ...
# Subtest: H01/H11 guard: bare apply() cannot masquerade as a loaded plugin; the domain binding is a single-image port
ok 140 - H01/H11 guard: bare apply() cannot masquerade as a loaded plugin; the domain binding is a single-image port
  ---
  duration_ms: 0.342625
  type: 'test'
  ...
# Subtest: AH-U01: open is recorded once per instance reaching ready; hanaRef is the app package name; sourcePlugin is app-host
ok 141 - AH-U01: open is recorded once per instance reaching ready; hanaRef is the app package name; sourcePlugin is app-host
  ---
  duration_ms: 629.834417
  type: 'test'
  ...
# Subtest: AH-U02: use is one per app per UTC hour of real gateway activity, reported when the hour closes; bootstrap, denials and 401/403 answers never count
ok 142 - AH-U02: use is one per app per UTC hour of real gateway activity, reported when the hour closes; bootstrap, denials and 401/403 answers never count
  ---
  duration_ms: 351.60125
  type: 'test'
  ...
# Subtest: AH-U03: no seat → nothing recorded, no throw; a seat that appears later is used from then on
ok 143 - AH-U03: no seat → nothing recorded, no throw; a seat that appears later is used from then on
  ---
  duration_ms: 896.057708
  type: 'test'
  ...
# Subtest: AH-U04: a rejecting, throwing or withholding seat never breaks the launch or the proxied request
ok 144 - AH-U04: a rejecting, throwing or withholding seat never breaks the launch or the proxied request
  ---
  duration_ms: 1165.232291
  type: 'test'
  ...
# Subtest: AH-U05: hanaRef comes from the package — definition packageName, else the installed-scan binding, else no evidence
ok 145 - AH-U05: hanaRef comes from the package — definition packageName, else the installed-scan binding, else no evidence
  ---
  duration_ms: 572.734792
  type: 'test'
  ...
# Subtest: AH-U06: multiple instances of one app share the hour at the seat; the hour is reported once the last live instance stops
ok 146 - AH-U06: multiple instances of one app share the hour at the seat; the hour is reported once the last live instance stops
  ---
  duration_ms: 1076.591709
  type: 'test'
  ...
# Subtest: AH-U08 (T6): the Router route becomes the hour receipt {providerId, model, count}; injections and requests are separate; unknown routes report without a receipt
ok 147 - AH-U08 (T6): the Router route becomes the hour receipt {providerId, model, count}; injections and requests are separate; unknown routes report without a receipt
  ---
  duration_ms: 623.30925
  type: 'test'
  ...
# Subtest: AH-U09 (T6): the receipt ledger persists through one debounced global.set, reloads, reports leftover closed hours on the next start and prunes
ok 148 - AH-U09 (T6): the receipt ledger persists through one debounced global.set, reloads, reports leftover closed hours on the next start and prunes
  ---
  duration_ms: 62.740583
  type: 'test'
  ...
1..148
# tests 152
# suites 0
# pass 149
# fail 0
# cancelled 0
# skipped 3
# todo 0
# duration_ms 51874.812542
