(node:9856) Warning: The 'NO_COLOR' env is ignored due to the 'FORCE_COLOR' env being set.
(Use `node --trace-warnings ...` to show where the warning was created)
TAP version 13
# (node:9857) Warning: The 'NO_COLOR' env is ignored due to the 'FORCE_COLOR' env being set.
# (Use `node --trace-warnings ...` to show where the warning was created)
# Subtest: AH-PK01 (RED shape): a contract v1 bundle without the host stays PENDING — the state the pinned DSH boot audit rejects
ok 1 - AH-PK01 (RED shape): a contract v1 bundle without the host stays PENDING — the state the pinned DSH boot audit rejects
  ---
  duration_ms: 240.257667
  type: 'test'
  ...
# Subtest: AH-PK02 app before host: a v2 bundle is ACTIVE and inert without the host, then registers exactly once when the host arrives
ok 2 - AH-PK02 app before host: a v2 bundle is ACTIVE and inert without the host, then registers exactly once when the host arrives
  ---
  duration_ms: 97.115125
  type: 'test'
  ...
# Subtest: AH-PK03 host before app, host gone, host back: one registration per host life, app never fails, no orphan process
ok 3 - AH-PK03 host before app, host gone, host back: one registration per host life, app never fails, no orphan process
  ---
  duration_ms: 352.342
  type: 'test'
  ...
# Subtest: AH-PK04 app uninstalled while the host runs: its definition goes, its owned runtime stops, its record and data stay
ok 4 - AH-PK04 app uninstalled while the host runs: its definition goes, its owned runtime stops, its record and data stay
  ---
  duration_ms: 525.889333
  type: 'test'
  ...
# Subtest: AH-PK05 a broken app definition is not swallowed: the registration fails loudly and nothing is registered
ok 5 - AH-PK05 a broken app definition is not swallowed: the registration fails loudly and nothing is registered
  ---
  duration_ms: 98.402917
  type: 'test'
  ...
# Subtest: AH-PK06 unregister only removes the exact registration and is a no-op while the host closes
ok 6 - AH-PK06 unregister only removes the exact registration and is a no-op while the host closes
  ---
  duration_ms: 63.248084
  type: 'test'
  ...
# Subtest: AH-PK07 checkAppPackageEntry: v2 entry passes; a top-level hanameshApps inject (array or map) or a stale contractVersion is refused
ok 7 - AH-PK07 checkAppPackageEntry: v2 entry passes; a top-level hanameshApps inject (array or map) or a stale contractVersion is refused
  ---
  duration_ms: 34.723042
  type: 'test'
  ...
# (node:9910) Warning: The 'NO_COLOR' env is ignored due to the 'FORCE_COLOR' env being set.
# (Use `node --trace-warnings ...` to show where the warning was created)
# Subtest: AH-UI17: Market opens one viewport application frame and closes its original lease
ok 8 - AH-UI17: Market opens one viewport application frame and closes its original lease
  ---
  duration_ms: 4.799666
  type: 'test'
  ...
# (node:9911) Warning: The 'NO_COLOR' env is ignored due to the 'FORCE_COLOR' env being set.
# (Use `node --trace-warnings ...` to show where the warning was created)
# Subtest: H13 REAL_BROWSER: named parent embeds unchanged app; direct top navigation and iframe control calls are denied
ok 9 - H13 REAL_BROWSER: named parent embeds unchanged app; direct top navigation and iframe control calls are denied # SKIP REAL_BROWSER unavailable: isolated Chromium binary was not found.
  ---
  duration_ms: 1.086125
  type: 'test'
  ...
# Subtest: H10 REAL_BROWSER: SIGKILL browser process group, no unload, lease expiry stops actual owned application
ok 10 - H10 REAL_BROWSER: SIGKILL browser process group, no unload, lease expiry stops actual owned application # SKIP REAL_BROWSER unavailable: isolated Chromium binary was not found.
  ---
  duration_ms: 0.389417
  type: 'test'
  ...
# (node:9913) Warning: The 'NO_COLOR' env is ignored due to the 'FORCE_COLOR' env being set.
# (Use `node --trace-warnings ...` to show where the warning was created)
# Subtest: AH-VL08: actual default90s lease survives idle market client and last-view close ends exact owned group
ok 11 - AH-VL08: actual default90s lease survives idle market client and last-view close ends exact owned group # SKIP
  ---
  duration_ms: 0.276166
  type: 'test'
  ...
# (node:9914) Warning: The 'NO_COLOR' env is ignored due to the 'FORCE_COLOR' env being set.
# (Use `node --trace-warnings ...` to show where the warning was created)
# Subtest: AH-VL01: real market client keeps one idle view renewed beyond its original TTL with exact current credential
ok 12 - AH-VL01: real market client keeps one idle view renewed beyond its original TTL with exact current credential
  ---
  duration_ms: 5.109917
  type: 'test'
  ...
# Subtest: AH-VL15: returning to a visible document or pageshow renews immediately before the old timer fires
ok 13 - AH-VL15: returning to a visible document or pageshow renews immediately before the old timer fires
  ---
  duration_ms: 1.81325
  type: 'test'
  ...
# Subtest: AH-VL16: expired heartbeat removes the stale iframe and offers explicit Market reopen
ok 14 - AH-VL16: expired heartbeat removes the stale iframe and offers explicit Market reopen
  ---
  duration_ms: 0.74275
  type: 'test'
  ...
# Subtest: AH-VL17: stopped instance heartbeat clears its unusable frame without reviving it
ok 15 - AH-VL17: stopped instance heartbeat clears its unusable frame without reviving it
  ---
  duration_ms: 0.892084
  type: 'test'
  ...
# Subtest: AH-VL18: pagehide closes the lease and pageshow cannot revive its old frame
ok 16 - AH-VL18: pagehide closes the lease and pageshow cannot revive its old frame
  ---
  duration_ms: 0.472125
  type: 'test'
  ...
# Subtest: AH-VL02: close-last-view cancels renewals immediately and sends one explicit lease close
ok 17 - AH-VL02: close-last-view cancels renewals immediately and sends one explicit lease close
  ---
  duration_ms: 0.512917
  type: 'test'
  ...
# Subtest: AH-VL03: hiding the overlay releases the exact lease and never keeps a hidden view alive
ok 18 - AH-VL03: hiding the overlay releases the exact lease and never keeps a hidden view alive
  ---
  duration_ms: 0.799833
  type: 'test'
  ...
# Subtest: AH-VL04: unmount during in-flight heartbeat aborts it, closes once and ignores its late completion
ok 19 - AH-VL04: unmount during in-flight heartbeat aborts it, closes once and ignores its late completion
  ---
  duration_ms: 0.547375
  type: 'test'
  ...
# Subtest: AH-VL05: transient heartbeat transport failure is observed and retried without creating a new view
ok 20 - AH-VL05: transient heartbeat transport failure is observed and retried without creating a new view
  ---
  duration_ms: 0.600542
  type: 'test'
  ...
# Subtest: AH-VL06: terminal expired lease is not silently resumed or renewed forever
ok 21 - AH-VL06: terminal expired lease is not silently resumed or renewed forever
  ---
  duration_ms: 0.802667
  type: 'test'
  ...
# Subtest: AH-VL07: pagehide performs best-effort close, cancels heartbeat and unmount does not duplicate close
ok 22 - AH-VL07: pagehide performs best-effort close, cancels heartbeat and unmount does not duplicate close
  ---
  duration_ms: 0.399833
  type: 'test'
  ...
# Subtest: AH-VL09: clicking close during in-flight heartbeat fences its late response and releases exactly once
ok 23 - AH-VL09: clicking close during in-flight heartbeat fences its late response and releases exactly once
  ---
  duration_ms: 0.43975
  type: 'test'
  ...
# Subtest: AH-VL10: failed close can be explicitly retried after network recovery without restarting renewal
ok 24 - AH-VL10: failed close can be explicitly retried after network recovery without restarting renewal
  ---
  duration_ms: 0.696666
  type: 'test'
  ...
# Subtest: AH-VL11: overlapping explicit closes share the in-flight request and successful cleanup remains idempotent
ok 25 - AH-VL11: overlapping explicit closes share the in-flight request and successful cleanup remains idempotent
  ---
  duration_ms: 0.429417
  type: 'test'
  ...
# Subtest: AH-VL12: late ready Open receipt after hiding is closed without anonymous resume or renewal
ok 26 - AH-VL12: late ready Open receipt after hiding is closed without anonymous resume or renewal
  ---
  duration_ms: 0.522083
  type: 'test'
  ...
# Subtest: AH-VL12: late starting Open receipt after hiding is closed without anonymous resume or renewal
ok 27 - AH-VL12: late starting Open receipt after hiding is closed without anonymous resume or renewal
  ---
  duration_ms: 0.741333
  type: 'test'
  ...
# Subtest: AH-VL13: late Open receipt after unmount is explicitly closed and never polled or retained
ok 28 - AH-VL13: late Open receipt after unmount is explicitly closed and never polled or retained
  ---
  duration_ms: 0.453167
  type: 'test'
  ...
# Subtest: AH-VL14: hiding then reopening market does not resurrect an old pending Open receipt
ok 29 - AH-VL14: hiding then reopening market does not resurrect an old pending Open receipt
  ---
  duration_ms: 0.413375
  type: 'test'
  ...
# (node:9915) Warning: The 'NO_COLOR' env is ignored due to the 'FORCE_COLOR' env being set.
# (Use `node --trace-warnings ...` to show where the warning was created)
# Subtest: X01: consistency declaration covers each production group and boundary
ok 30 - X01: consistency declaration covers each production group and boundary
  ---
  duration_ms: 5.436042
  type: 'test'
  ...
# X02 first-lease: {"point":"snapshot-temp-fsynced","death":{"code":null,"signal":"SIGKILL"},"facts":[false,false,false],"revision":0}
# Subtest: X02 first-lease: real SIGKILL at snapshot-temp-fsynced restores all or none
ok 31 - X02 first-lease: real SIGKILL at snapshot-temp-fsynced restores all or none
  ---
  duration_ms: 93.113542
  type: 'test'
  ...
# X02 stopped-views: {"point":"snapshot-temp-fsynced","death":{"code":null,"signal":"SIGKILL"},"facts":[false,false,false],"revision":4}
# Subtest: X02 stopped-views: real SIGKILL at snapshot-temp-fsynced restores all or none
ok 32 - X02 stopped-views: real SIGKILL at snapshot-temp-fsynced restores all or none
  ---
  duration_ms: 351.975917
  type: 'test'
  ...
# X02 first-lease: {"point":"snapshot-published","death":{"code":null,"signal":"SIGKILL"},"facts":[true,true,true],"revision":1}
# Subtest: X02 first-lease: real SIGKILL at snapshot-published restores all or none
ok 33 - X02 first-lease: real SIGKILL at snapshot-published restores all or none
  ---
  duration_ms: 96.803958
  type: 'test'
  ...
# X02 stopped-views: {"point":"snapshot-published","death":{"code":null,"signal":"SIGKILL"},"facts":[true,true,true],"revision":5}
# Subtest: X02 stopped-views: real SIGKILL at snapshot-published restores all or none
ok 34 - X02 stopped-views: real SIGKILL at snapshot-published restores all or none
  ---
  duration_ms: 359.755416
  type: 'test'
  ...
# X03 reserve-launch: {"signal":"SIGKILL","instanceId":"589efb50-7ec2-4026-84dd-f024590ed2e6","pid":9955,"appWroteData":true,"durableOwner":true,"guardianCleanup":true}
# Subtest: X03 reserve-launch: SIGKILL after actual process writes leaves a durable owner, never unowned data
ok 35 - X03 reserve-launch: SIGKILL after actual process writes leaves a durable owner, never unowned data
  ---
  duration_ms: 270.59275
  type: 'test'
  ...
# X03 stop-publish: {"signal":"SIGKILL","stateAfterRestart":"stopping","aliveAtCut":false,"aliveAfterRestart":false}
# Subtest: X03 stop-publish: SIGKILL at stop boundary cannot advertise stopped while the app is alive
ok 36 - X03 stop-publish: SIGKILL at stop boundary cannot advertise stopped while the app is alive
  ---
  duration_ms: 357.628
  type: 'test'
  ...
# H12 real host kill/resume: {"stableInstance":"410b2f8d-e5ea-429f-b59d-e2f2b5b6f4a0","oldRuntime":"89fcdf13-5519-4e76-95c0-c2c72399a66f","newRuntime":"54134667-b280-473a-b748-525b69627000","dataRetained":true}
# Subtest: H12/H06: SIGKILL host, guardian cleanup, fresh host exact-identity resume and persisted app data
ok 37 - H12/H06: SIGKILL host, guardian cleanup, fresh host exact-identity resume and persisted app data
  ---
  duration_ms: 640.657542
  type: 'test'
  ...
# Subtest: H12: a stale view from a killed host cannot delay stopping a newly opened view
ok 38 - H12: a stale view from a killed host cannot delay stopping a newly opened view
  ---
  duration_ms: 875.393417
  type: 'test'
  ...
# (node:10171) Warning: The 'NO_COLOR' env is ignored due to the 'FORCE_COLOR' env being set.
# (Use `node --trace-warnings ...` to show where the warning was created)
# Subtest: AH-C1: credentialEnv is validated — host control names, duplicates, static-env repeats and escaping paths are rejected
ok 39 - AH-C1: credentialEnv is validated — host control names, duplicates, static-env repeats and escaping paths are rejected
  ---
  duration_ms: 3.433083
  type: 'test'
  ...
# Subtest: AH-C2/C3/C4: resolver values reach the child only for declared names; undeclared env and escaping files are rejected with events; logs are redacted
ok 40 - AH-C2/C3/C4: resolver values reach the child only for declared names; undeclared env and escaping files are rejected with events; logs are redacted
  ---
  duration_ms: 220.736458
  type: 'test'
  ...
# Subtest: AH-C5: a throwing resolver is recorded and never blocks the launch
ok 41 - AH-C5: a throwing resolver is recorded and never blocks the launch
  ---
  duration_ms: 211.366208
  type: 'test'
  ...
# Subtest: AH-C6: without a resolver (or after its disposer ran) nothing is injected and no credential event exists
ok 42 - AH-C6: without a resolver (or after its disposer ran) nothing is injected and no credential event exists
  ---
  duration_ms: 216.038875
  type: 'test'
  ...
# Subtest: AH-C7 (rc.6): file policy — if-absent keeps an app-rotated file, overwrite replaces it, remove deletes it; events name each
ok 43 - AH-C7 (rc.6): file policy — if-absent keeps an app-rotated file, overwrite replaces it, remove deletes it; events name each
  ---
  duration_ms: 816.989625
  type: 'test'
  ...
# (node:10237) Warning: The 'NO_COLOR' env is ignored due to the 'FORCE_COLOR' env being set.
# (Use `node --trace-warnings ...` to show where the warning was created)
# Subtest: AH-P01: runtime deployment is valid without command and participates in the definition fingerprint
ok 44 - AH-P01: runtime deployment is valid without command and participates in the definition fingerprint
  ---
  duration_ms: 0.925
  type: 'test'
  ...
# Subtest: AH-P02: runtime item, installTo and exec must remain inside the provisioned tree
ok 45 - AH-P02: runtime item, installTo and exec must remain inside the provisioned tree
  ---
  duration_ms: 0.294083
  type: 'test'
  ...
# Subtest: AH-P03: host launches the executable selected by the validated runtime and matching ledger
ok 46 - AH-P03: host launches the executable selected by the validated runtime and matching ledger
  ---
  duration_ms: 546.467583
  type: 'test'
  ...
# Subtest: AH-P04: missing, stale or non-executable runtime fails closed as RUNTIME_MISSING
    # Subtest: missing-ledger
    ok 1 - missing-ledger
      ---
      duration_ms: 23.993541
      type: 'test'
      ...
    # Subtest: stale-ledger
    ok 2 - stale-ledger
      ---
      duration_ms: 25.563
      type: 'test'
      ...
    # Subtest: missing-exec
    ok 3 - missing-exec
      ---
      duration_ms: 20.83725
      type: 'test'
      ...
    # Subtest: non-executable
    ok 4 - non-executable
      ---
      duration_ms: 22.972416
      type: 'test'
      ...
    1..4
ok 47 - AH-P04: missing, stale or non-executable runtime fails closed as RUNTIME_MISSING
  ---
  duration_ms: 93.864292
  type: 'test'
  ...
# (node:10253) Warning: The 'NO_COLOR' env is ignored due to the 'FORCE_COLOR' env being set.
# (Use `node --trace-warnings ...` to show where the warning was created)
# Subtest: H01 (harness half): the plugin activates on a real Cordis root and provides ctx.hanameshApps
ok 48 - H01 (harness half): the plugin activates on a real Cordis root and provides ctx.hanameshApps
  ---
  duration_ms: 71.570708
  type: 'test'
  ...
# Subtest: H11: lease/instance state lands in the storage-domain sidecar and DSH still reads its own session
ok 49 - H11: lease/instance state lands in the storage-domain sidecar and DSH still reads its own session
  ---
  duration_ms: 297.56175
  type: 'test'
  ...
# Subtest: H14/AC-07 on the real web server: unauthenticated, wrong origin and iframe callers are refused
ok 50 - H14/AC-07 on the real web server: unauthenticated, wrong origin and iframe callers are refused
  ---
  duration_ms: 66.958958
  type: 'test'
  ...
# Subtest: H09/dispose: unloading the plugin removes its routes, stops owned instances, and closes the domain
ok 51 - H09/dispose: unloading the plugin removes its routes, stops owned instances, and closes the domain
  ---
  duration_ms: 334.556208
  type: 'test'
  ...
# Subtest: AC-26 shape: without the connection service the plugin never activates, so no route is public
ok 52 - AC-26 shape: without the connection service the plugin never activates, so no route is public
  ---
  duration_ms: 335.001041
  type: 'test'
  ...
# Subtest: unit: bare apply() cannot masquerade as a loaded plugin
ok 53 - unit: bare apply() cannot masquerade as a loaded plugin
  ---
  duration_ms: 0.299459
  type: 'test'
  ...
# Subtest: teardown: a whole-root unload (profile shutdown) never orphans an owned process, even though the storage domain closes concurrently
ok 54 - teardown: a whole-root unload (profile shutdown) never orphans an owned process, even though the storage domain closes concurrently
  ---
  duration_ms: 275.900292
  type: 'test'
  ...
# Subtest: AH-L07 (plugin): an unconfigured library seeds the HanaMesh catalog source through the real Config schema; an explicit [] does not
ok 55 - AH-L07 (plugin): an unconfigured library seeds the HanaMesh catalog source through the real Config schema; an explicit [] does not
  ---
  duration_ms: 130.17875
  type: 'test'
  ...
# Subtest: AH-U07 (plugin): usage evidence reaches ctx.hanameshUsage.record when that sibling is provided — before or after this plugin — and its absence changes nothing
ok 56 - AH-U07 (plugin): usage evidence reaches ctx.hanameshUsage.record when that sibling is provided — before or after this plugin — and its absence changes nothing
  ---
  duration_ms: 815.94825
  type: 'test'
  ...
# Subtest: AH-M08 (plugin): rc.28 market routes are registered on the real web server behind the same auth chain; without an installer the plugin seats answer 503, never 500
ok 57 - AH-M08 (plugin): rc.28 market routes are registered on the real web server behind the same auth chain; without an installer the plugin seats answer 503, never 500
  ---
  duration_ms: 69.615083
  type: 'test'
  ...
# Subtest: the library entry never pulls a DSH-only peer into a plain consumer import graph
ok 58 - the library entry never pulls a DSH-only peer into a plain consumer import graph
  ---
  duration_ms: 1.512667
  type: 'test'
  ...
# (node:10359) Warning: The 'NO_COLOR' env is ignored due to the 'FORCE_COLOR' env being set.
# (Use `node --trace-warnings ...` to show where the warning was created)
# Subtest: AH-L11: an exited app closes promptly without spending the unused five-second TERM grace
ok 59 - AH-L11: an exited app closes promptly without spending the unused five-second TERM grace
  ---
  duration_ms: 439.260625
  type: 'test'
  ...
# (node:10407) Warning: The 'NO_COLOR' env is ignored due to the 'FORCE_COLOR' env being set.
# (Use `node --trace-warnings ...` to show where the warning was created)
# Subtest: H13: fixed gateway changes only XFO/frame-ancestors; preserves HTML, gzip and application headers
ok 60 - H13: fixed gateway changes only XFO/frame-ancestors; preserves HTML, gzip and application headers
  ---
  duration_ms: 83.068417
  type: 'test'
  ...
# Subtest: H14: gateway requires live capability; denies foreign origins, top navigation, arbitrary targets and ticket reuse
ok 61 - H14: gateway requires live capability; denies foreign origins, top navigation, arbitrary targets and ticket reuse
  ---
  duration_ms: 66.860042
  type: 'test'
  ...
# Subtest: H14: gateway strips DSH credentials, control headers and unregistered cookies
ok 62 - H14: gateway strips DSH credentials, control headers and unregistered cookies
  ---
  duration_ms: 67.324708
  type: 'test'
  ...
# Subtest: AH gateway: uploads, SSE, relative application paths and redirects retain transport semantics
ok 63 - AH gateway: uploads, SSE, relative application paths and redirects retain transport semantics
  ---
  duration_ms: 143.502375
  type: 'test'
  ...
# Subtest: AH gateway: real WebSocket upgrade preserves frame bytes
ok 64 - AH gateway: real WebSocket upgrade preserves frame bytes
  ---
  duration_ms: 66.507584
  type: 'test'
  ...
# Subtest: H15: embedded webview without third-party cookies — Fetch Metadata capability after a consumed bootstrap ticket
ok 65 - H15: embedded webview without third-party cookies — Fetch Metadata capability after a consumed bootstrap ticket
  ---
  duration_ms: 69.173583
  type: 'test'
  ...
# Subtest: H15: no bootstrap ever consumed → Fetch Metadata alone never authorizes
ok 66 - H15: no bootstrap ever consumed → Fetch Metadata alone never authorizes
  ---
  duration_ms: 64.499292
  type: 'test'
  ...
# Subtest: H15: embedded WebSocket handshake authorizes by the app origin without a cookie; foreign origin denied
ok 67 - H15: embedded WebSocket handshake authorizes by the app origin without a cookie; foreign origin denied
  ---
  duration_ms: 66.829417
  type: 'test'
  ...
# Subtest: H16: frame-ancestors lists the shell webview origin as well as the workspace; bogus ancestors are refused
ok 68 - H16: frame-ancestors lists the shell webview origin as well as the workspace; bogus ancestors are refused
  ---
  duration_ms: 67.049333
  type: 'test'
  ...
# (node:10417) Warning: The 'NO_COLOR' env is ignored due to the 'FORCE_COLOR' env being set.
# (Use `node --trace-warnings ...` to show where the warning was created)
# Subtest: AH-L09: catalog items may carry schema-allowed updatedAt
ok 69 - AH-L09: catalog items may carry schema-allowed updatedAt
  ---
  duration_ms: 0.685
  type: 'test'
  ...
# (node:10418) Warning: The 'NO_COLOR' env is ignored due to the 'FORCE_COLOR' env being set.
# (Use `node --trace-warnings ...` to show where the warning was created)
# Subtest: AH-L01: fixture catalog validates all entries and exposes only installable HanaMesh applications
ok 70 - AH-L01: fixture catalog validates all entries and exposes only installable HanaMesh applications
  ---
  duration_ms: 1.859459
  type: 'test'
  ...
# Subtest: AH-L02: catalog URLs are standard-port HTTPS and redirects remain same-origin
ok 71 - AH-L02: catalog URLs are standard-port HTTPS and redirects remain same-origin
  ---
  duration_ms: 9.727084
  type: 'test'
  ...
# (node:10419) Warning: The 'NO_COLOR' env is ignored due to the 'FORCE_COLOR' env being set.
# (Use `node --trace-warnings ...` to show where the warning was created)
# Subtest: AH-L04/L05: install uses explicit Node + DSH argv, exact stable registry version, then provisions the declared item
ok 72 - AH-L04/L05: install uses explicit Node + DSH argv, exact stable registry version, then provisions the declared item
  ---
  duration_ms: 11.568375
  type: 'test'
  ...
# Subtest: AH-L06: uninstall removes the package and owned runtime but preserves application data
ok 73 - AH-L06: uninstall removes the package and owned runtime but preserves application data
  ---
  duration_ms: 1.574
  type: 'test'
  ...
# Subtest: AH-RI01: uninstall clears generated Python bytecode left by provision remove
ok 74 - AH-RI01: uninstall clears generated Python bytecode left by provision remove
  ---
  duration_ms: 1.273417
  type: 'test'
  ...
# Subtest: AH-RI02: uninstall preserves unknown runtime residue and reports incomplete cleanup
ok 75 - AH-RI02: uninstall preserves unknown runtime residue and reports incomplete cleanup
  ---
  duration_ms: 0.940125
  type: 'test'
  ...
# (node:10420) Warning: The 'NO_COLOR' env is ignored due to the 'FORCE_COLOR' env being set.
# (Use `node --trace-warnings ...` to show where the warning was created)
# Subtest: AH-L03: installed scan reports registered, installed-not-loaded and runtime-missing independently of catalog sources
ok 76 - AH-L03: installed scan reports registered, installed-not-loaded and runtime-missing independently of catalog sources
  ---
  duration_ms: 9.992542
  type: 'test'
  ...
# Subtest: AH-L13 (rc.42): each application row says whether it survives the host being removed — contract ≥2 host-optional, v1/undeclared host-required
ok 77 - AH-L13 (rc.42): each application row says whether it survives the host being removed — contract ≥2 host-optional, v1/undeclared host-required
  ---
  duration_ms: 2.748083
  type: 'test'
  ...
# (node:10421) Warning: The 'NO_COLOR' env is ignored due to the 'FORCE_COLOR' env being set.
# (Use `node --trace-warnings ...` to show where the warning was created)
# Subtest: AH-L07: library.sources unset → the HanaMesh catalog source is seeded; an explicit [] stays empty
ok 78 - AH-L07: library.sources unset → the HanaMesh catalog source is seeded; an explicit [] stays empty
  ---
  duration_ms: 3.726708
  type: 'test'
  ...
# Subtest: AH-L08: profileDir/profileName are inferred from the package's own real location inside a `dsh plugin` profile
ok 79 - AH-L08: profileDir/profileName are inferred from the package's own real location inside a `dsh plugin` profile
  ---
  duration_ms: 10.446458
  type: 'test'
  ...
# Subtest: AH-L09: nodeBinary is this process only outside Electron; explicit configuration always wins
ok 80 - AH-L09: nodeBinary is this process only outside Electron; explicit configuration always wins
  ---
  duration_ms: 1.931459
  type: 'test'
  ...
# Subtest: AH-L10: dshBin is taken from argv[1] only when that script is @deepseek-ai/dsh/lib/bin.js
ok 81 - AH-L10: dshBin is taken from argv[1] only when that script is @deepseek-ai/dsh/lib/bin.js
  ---
  duration_ms: 0.455084
  type: 'test'
  ...
# (node:10422) Warning: The 'NO_COLOR' env is ignored due to the 'FORCE_COLOR' env being set.
# (Use `node --trace-warnings ...` to show where the warning was created)
# Subtest: AH-M01: a catalog plugin installs through the same `dsh plugin add --save-exact` path as an application, reads no app.json and provisions nothing
ok 82 - AH-M01: a catalog plugin installs through the same `dsh plugin add --save-exact` path as an application, reads no app.json and provisions nothing
  ---
  duration_ms: 4.7155
  type: 'test'
  ...
# Subtest: AH-M02: plugin uninstall is `dsh plugin remove <name>`; the HanaMesh suite itself is refused both ways (PACKAGE_DENIED)
ok 83 - AH-M02: plugin uninstall is `dsh plugin remove <name>`; the HanaMesh suite itself is refused both ways (PACKAGE_DENIED)
  ---
  duration_ms: 1.752833
  type: 'test'
  ...
# Subtest: AH-M03: installed plugins = profile dependencies minus application packages, with restart states from the boot snapshot
ok 84 - AH-M03: installed plugins = profile dependencies minus application packages, with restart states from the boot snapshot
  ---
  duration_ms: 9.7305
  type: 'test'
  ...
# Subtest: AH-M04: upgrade = catalog latestVersion strictly newer than the installed version (semver, prerelease below release)
ok 85 - AH-M04: upgrade = catalog latestVersion strictly newer than the installed version (semver, prerelease below release)
  ---
  duration_ms: 0.267083
  type: 'test'
  ...
# Subtest: AH-M05: the market listing annotates every entry with kind / installed row / upgradeAvailable, lists categories, installed plugins and restartRequired
ok 86 - AH-M05: the market listing annotates every entry with kind / installed row / upgradeAvailable, lists categories, installed plugins and restartRequired
  ---
  duration_ms: 4.120334
  type: 'test'
  ...
# Subtest: AH-M06 (LIB-PROVISION-INPUT): missing or malformed provision / uninstall / plugin fields answer 400 INVALID_INPUT before any operation starts; installedPlugins and the plugin routes are served
ok 87 - AH-M06 (LIB-PROVISION-INPUT): missing or malformed provision / uninstall / plugin fields answer 400 INVALID_INPUT before any operation starts; installedPlugins and the plugin routes are served
  ---
  duration_ms: 78.131666
  type: 'test'
  ...
# Subtest: AH-M07 (client source): the entry is 「市场」, cards carry kind/state/upgrade, and a plugin change shows 「需重启 DSH」 with the hanamesh://restart deep link only inside the shell
ok 88 - AH-M07 (client source): the entry is 「市场」, cards carry kind/state/upgrade, and a plugin change shows 「需重启 DSH」 with the hanamesh://restart deep link only inside the shell
  ---
  duration_ms: 0.582917
  type: 'test'
  ...
# (node:10423) Warning: The 'NO_COLOR' env is ignored due to the 'FORCE_COLOR' env being set.
# (Use `node --trace-warnings ...` to show where the warning was created)
# Subtest: AH-L10: category, q and cursor reach the provider endpoint
ok 89 - AH-L10: category, q and cursor reach the provider endpoint
  ---
  duration_ms: 10.456375
  type: 'test'
  ...
# Subtest: AH-L11: library card tracks install/provision/uninstall operations via the event feed and shows failures inline (user 2026-09-20)
ok 90 - AH-L11: library card tracks install/provision/uninstall operations via the event feed and shows failures inline (user 2026-09-20)
  ---
  duration_ms: 1.269584
  type: 'test'
  ...
# (node:10424) Warning: The 'NO_COLOR' env is ignored due to the 'FORCE_COLOR' env being set.
# (Use `node --trace-warnings ...` to show where the warning was created)
# H02 real process evidence: {"opens":8,"pids":[10430]}
# Subtest: H02: eight concurrent opens reserve one actual application process
ok 91 - H02: eight concurrent opens reserve one actual application process
  ---
  duration_ms: 227.965417
  type: 'test'
  ...
# H03 actual directory contents: {"a":{"path":"/private/var/folders/fy/_vc547vx0t75yjmxm8bbfwb40000gn/T/hm-app-host-10424-SVcSqP/data/4740ae6347b0172c01254ff5/example/local/data-v1/61e0bb64-d635-43a8-956f-94f5ec81c65f","files":[".runtime.lock","cache","config","home","runtime-evidence.json","state","tmp","write-a10b1778-4f98-4437-a014-729967978f4f.txt"]},"b":{"path":"/private/var/folders/fy/_vc547vx0t75yjmxm8bbfwb40000gn/T/hm-app-host-10424-SVcSqP/data/4740ae6347b0172c01254ff5/example/local/data-v1/2b22d9d0-5f05-4df9-80ff-b457ddcc2464","files":[".runtime.lock","cache","config","home","runtime-evidence.json","state","tmp","write-3cd5a9fc-fa3e-4d98-a65e-57df2f6d7030.txt"]}}
# Subtest: H03: multi-instance applications write genuinely separate data roots
ok 92 - H03: multi-instance applications write genuinely separate data roots
  ---
  duration_ms: 357.814916
  type: 'test'
  ...
# Subtest: H04/H05: reopen is idempotent; closing one view does not stop the other
ok 93 - H04/H05: reopen is idempotent; closing one view does not stop the other
  ---
  duration_ms: 264.004209
  type: 'test'
  ...
# H06 durable slot restore: {"old":"bffc4bf1-e56b-44fd-a224-af6414db3a05","restored":"bffc4bf1-e56b-44fd-a224-af6414db3a05","originalSessionId":"document-exact-a"}
# Subtest: H06: restart/resume preserves exact view, deployment, data and original-session identities
ok 94 - H06: restart/resume preserves exact view, deployment, data and original-session identities
  ---
  duration_ms: 762.731708
  type: 'test'
  ...
# Subtest: H07: forged, expired-generation, and cross-principal close cannot decrement another lease
ok 95 - H07: forged, expired-generation, and cross-principal close cannot decrement another lease
  ---
  duration_ms: 421.260209
  type: 'test'
  ...
# Subtest: H08: busy Stop explains occupiers; confirmed stop emits durable notifications for every view
ok 96 - H08: busy Stop explains occupiers; confirmed stop emits durable notifications for every view
  ---
  duration_ms: 235.754292
  type: 'test'
  ...
# Subtest: H09: attach close, stopAll and dispose never signal the external process
ok 97 - H09: attach close, stopAll and dispose never signal the external process
  ---
  duration_ms: 208.917375
  type: 'test'
  ...
# Subtest: H10: expired leases converge without any unload request
ok 98 - H10: expired leases converge without any unload request
  ---
  duration_ms: 489.210166
  type: 'test'
  ...
# Subtest: AH: startup cancellation receipt stops the actual child and does not return false-ready
ok 99 - AH: startup cancellation receipt stops the actual child and does not return false-ready
  ---
  duration_ms: 150.826917
  type: 'test'
  ...
# Subtest: AH: never-ready startup is bounded, cleans up, and supports an explicit retry
ok 100 - AH: never-ready startup is bounded, cleans up, and supports an explicit retry
  ---
  duration_ms: 578.060875
  type: 'test'
  ...
# Subtest: AH: spontaneous application exit cannot leave ready forever
ok 101 - AH: spontaneous application exit cannot leave ready forever
  ---
  duration_ms: 262.622542
  type: 'test'
  ...
# Subtest: AH: disjoint applications launch independently and cannot rebind an existing view
ok 102 - AH: disjoint applications launch independently and cannot rebind an existing view
  ---
  duration_ms: 310.76475
  type: 'test'
  ...
# Subtest: AH: host secrets are not inherited; logs redact bearer and JSON secrets
ok 103 - AH: host secrets are not inherited; logs redact bearer and JSON secrets
  ---
  duration_ms: 211.870667
  type: 'test'
  ...
# Subtest: AH: confirmed Stop removes a SIGTERM-resistant descendant in its owned group
ok 104 - AH: confirmed Stop removes a SIGTERM-resistant descendant in its owned group
  ---
  duration_ms: 279.582458
  type: 'test'
  ...
# Subtest: FIX-01: lost receipt recovery is owner-confirmed, fences old credentials and retains exact identity
ok 105 - FIX-01: lost receipt recovery is owner-confirmed, fences old credentials and retains exact identity
  ---
  duration_ms: 224.232041
  type: 'test'
  ...
# Subtest: FIX-01 gateway: closed/recovered generations never regain iframe capabilities after reopen
ok 106 - FIX-01 gateway: closed/recovered generations never regain iframe capabilities after reopen
  ---
  duration_ms: 246.154833
  type: 'test'
  ...
# Subtest: AH recovery: tampered data-root bindings cannot redirect application writes
ok 107 - AH recovery: tampered data-root bindings cannot redirect application writes
  ---
  duration_ms: 218.242209
  type: 'test'
  ...
# Subtest: AH-D1: an upgraded descriptor is adopted by a stopped instance across a host restart
ok 108 - AH-D1: an upgraded descriptor is adopted by a stopped instance across a host restart
  ---
  duration_ms: 446.968834
  type: 'test'
  ...
# (node:10809) Warning: The 'NO_COLOR' env is ignored due to the 'FORCE_COLOR' env being set.
# (Use `node --trace-warnings ...` to show where the warning was created)
# Subtest: AH-MS01: with no dshmarket the plugin provides the `market` seat, and the seat renders the market page and can hide our own entry
ok 109 - AH-MS01: with no dshmarket the plugin provides the `market` seat, and the seat renders the market page and can hide our own entry
  ---
  duration_ms: 3.41225
  type: 'test'
  ...
# Subtest: AH-MS02: dshmarket installed in the profile — the seat is left alone, the market page carries the 「只能其一」 notice, and the host logged it
ok 110 - AH-MS02: dshmarket installed in the profile — the seat is left alone, the market page carries the 「只能其一」 notice, and the host logged it
  ---
  duration_ms: 1.561875
  type: 'test'
  ...
# Subtest: AH-MS03: dshmarket already holding the seat is detected before we try to provide it
ok 111 - AH-MS03: dshmarket already holding the seat is detected before we try to provide it
  ---
  duration_ms: 0.36275
  type: 'test'
  ...
# Subtest: AH-MS04: an unreachable host never blocks the seat, and disposing the plugin gives the seat back
ok 112 - AH-MS04: an unreachable host never blocks the seat, and disposing the plugin gives the seat back
  ---
  duration_ms: 0.354917
  type: 'test'
  ...
# Subtest: AH-MS05: the in-shell restart goes through the shell postMessage bridge, not a blocked iframe scheme navigation
ok 113 - AH-MS05: the in-shell restart goes through the shell postMessage bridge, not a blocked iframe scheme navigation
  ---
  duration_ms: 0.47925
  type: 'test'
  ...
# (node:10810) Warning: The 'NO_COLOR' env is ignored due to the 'FORCE_COLOR' env being set.
# (Use `node --trace-warnings ...` to show where the warning was created)
# Subtest: AH-K5-1: guardian and launcher use the explicit executable Node runtime
ok 114 - AH-K5-1: guardian and launcher use the explicit executable Node runtime
  ---
  duration_ms: 220.598125
  type: 'test'
  ...
# Subtest: AH-K5-1: internal runtime environment has only the controlled whitelist
ok 115 - AH-K5-1: internal runtime environment has only the controlled whitelist
  ---
  duration_ms: 0.330792
  type: 'test'
  ...
# Subtest: AH-K5-2: Electron self-hosting refuses fallback and persists a failed instance event
ok 116 - AH-K5-2: Electron self-hosting refuses fallback and persists a failed instance event
  ---
  duration_ms: 30.948834
  type: 'test'
  ...
# Subtest: AH-K5-2: configured nodeBinary must be absolute and executable
ok 117 - AH-K5-2: configured nodeBinary must be absolute and executable
  ---
  duration_ms: 0.696875
  type: 'test'
  ...
# Subtest: AH-K5-3: guardian refuses an Electron runtime with exit 78 and a typed event
ok 118 - AH-K5-3: guardian refuses an Electron runtime with exit 78 and a typed event
  ---
  duration_ms: 32.848458
  type: 'test'
  ...
# (node:10822) Warning: The 'NO_COLOR' env is ignored due to the 'FORCE_COLOR' env being set.
# (Use `node --trace-warnings ...` to show where the warning was created)
# Subtest: AH-UI15: Open acknowledges the click while startup is still in flight
ok 119 - AH-UI15: Open acknowledges the click while startup is still in flight
  ---
  duration_ms: 4.628333
  type: 'test'
  ...
# Subtest: AH-UI16: Close acknowledges the click while owned-process cleanup is still in flight
ok 120 - AH-UI16: Close acknowledges the click while owned-process cleanup is still in flight
  ---
  duration_ms: 1.647917
  type: 'test'
  ...
# Subtest: AH-UI18: pending Open polls read-only status and resumes exactly once after ready
ok 121 - AH-UI18: pending Open polls read-only status and resumes exactly once after ready
  ---
  duration_ms: 0.89975
  type: 'test'
  ...
# Subtest: AH-UI19: hiding during pending Open closes its exact lease without a late resume
ok 122 - AH-UI19: hiding during pending Open closes its exact lease without a late resume
  ---
  duration_ms: 0.912041
  type: 'test'
  ...
# Subtest: AH-UI20: a long read-only startup renews its pending lease without repeated resume writes
ok 123 - AH-UI20: a long read-only startup renews its pending lease without repeated resume writes
  ---
  duration_ms: 9.994666
  type: 'test'
  ...
# Subtest: AH-UI21: a timed-out pending Open releases its exact lease
ok 124 - AH-UI21: a timed-out pending Open releases its exact lease
  ---
  duration_ms: 11.400583
  type: 'test'
  ...
# Subtest: AH-UI22: a ready-to-starting race never issues a second resume write
ok 125 - AH-UI22: a ready-to-starting race never issues a second resume write
  ---
  duration_ms: 2.453
  type: 'test'
  ...
# (node:10823) Warning: The 'NO_COLOR' env is ignored due to the 'FORCE_COLOR' env being set.
# (Use `node --trace-warnings ...` to show where the warning was created)
# {"evidence":"REAL_PROCESS_ISOLATED","result":"spawned","elapsedMs":5096,"oldOrphanPid":10824,"newGuardianPid":10827,"newAppPid":11018,"lockOwner":10827,"trace":[{"at":1790935181355,"message":"ORPHAN_READY"},{"at":1790935181414,"message":"ORPHAN_TERM_IGNORED"}]}
# Subtest: AH-L07: proven orphan reclamation gets its declared grace before the launch handshake budget
ok 126 - AH-L07: proven orphan reclamation gets its declared grace before the launch handshake budget
  ---
  duration_ms: 5169.426334
  type: 'test'
  ...
# Subtest: AH-L08: hung ownership guardian is bounded by bootstrap plus declared grace and kill confirmation
ok 127 - AH-L08: hung ownership guardian is bounded by bootstrap plus declared grace and kill confirmation
  ---
  duration_ms: 7061.309542
  type: 'test'
  ...
# Subtest: AH-L09: after ownership-ready a hung launcher handshake keeps its independent five second bound
ok 128 - AH-L09: after ownership-ready a hung launcher handshake keeps its independent five second bound
  ---
  duration_ms: 5321.783917
  type: 'test'
  ...
# Subtest: AH-L10: guardian error before ownership-ready fails immediately
ok 129 - AH-L10: guardian error before ownership-ready fails immediately
  ---
  duration_ms: 301.722333
  type: 'test'
  ...
# Subtest: AH-L10: guardian exit before ownership-ready fails immediately
ok 130 - AH-L10: guardian exit before ownership-ready fails immediately
  ---
  duration_ms: 299.835625
  type: 'test'
  ...
# Subtest: AH-L10: guardian error after ownership-ready fails immediately
ok 131 - AH-L10: guardian error after ownership-ready fails immediately
  ---
  duration_ms: 306.014584
  type: 'test'
  ...
# Subtest: AH-L10: guardian exit after ownership-ready fails immediately
ok 132 - AH-L10: guardian exit after ownership-ready fails immediately
  ---
  duration_ms: 384.047083
  type: 'test'
  ...
# (node:11138) Warning: The 'NO_COLOR' env is ignored due to the 'FORCE_COLOR' env being set.
# (Use `node --trace-warnings ...` to show where the warning was created)
# Subtest: AH-R01 directory reports configured references but never exposes values
ok 133 - AH-R01 directory reports configured references but never exposes values
  ---
  duration_ms: 0.484542
  type: 'test'
  ...
# Subtest: AH-R02 a configured provider the entry accepts is auto-routed; revoke opts out; explicit grant overrides
ok 134 - AH-R02 a configured provider the entry accepts is auto-routed; revoke opts out; explicit grant overrides
  ---
  duration_ms: 1.985791
  type: 'test'
  ...
# Subtest: AH-R02b the OpenAI-compatible Coding OAuth gateway auto-routes to an `openai` slot only when no OpenAI key exists
ok 135 - AH-R02b the OpenAI-compatible Coding OAuth gateway auto-routes to an `openai` slot only when no OpenAI key exists
  ---
  duration_ms: 0.25975
  type: 'test'
  ...
# Subtest: AH-R01 grant keeps matching-consumer risk acknowledgement for legacy grant slots
ok 136 - AH-R01 grant keeps matching-consumer risk acknowledgement for legacy grant slots
  ---
  duration_ms: 0.561375
  type: 'test'
  ...
# Subtest: AH-R01 absent OAuth leaves a selected grant missing without reading its record
ok 137 - AH-R01 absent OAuth leaves a selected grant missing without reading its record
  ---
  duration_ms: 0.099958
  type: 'test'
  ...
# Subtest: AH-R01/AK11 file projection lifecycle follows host events and app-owned cleanup
ok 138 - AH-R01/AK11 file projection lifecycle follows host events and app-owned cleanup
  ---
  duration_ms: 0.425125
  type: 'test'
  ...
# Subtest: AH-R01 interrupted launch keeps durable file intent
ok 139 - AH-R01 interrupted launch keeps durable file intent
  ---
  duration_ms: 0.15575
  type: 'test'
  ...
# Subtest: AH-R11/AK11 sets expands provider, baseUrl and model and ignores undeclared or empty targets
ok 140 - AH-R11/AK11 sets expands provider, baseUrl and model and ignores undeclared or empty targets
  ---
  duration_ms: 0.160333
  type: 'test'
  ...
# Subtest: AH-R05 sets default applies and empty baseUrl is omitted
ok 141 - AH-R05 sets default applies and empty baseUrl is omitted
  ---
  duration_ms: 0.129125
  type: 'test'
  ...
# Subtest: AH-R02c auto-route keeps the app's declared default model and never routes a derived slot
ok 142 - AH-R02c auto-route keeps the app's declared default model and never routes a derived slot
  ---
  duration_ms: 0.370458
  type: 'test'
  ...
# Subtest: AH-R12 (T6) every injection tells the receipt observer the routed provider and model — never the value — and local receipts are readable per app
ok 143 - AH-R12 (T6) every injection tells the receipt observer the routed provider and model — never the value — and local receipts are readable per app
  ---
  duration_ms: 0.342166
  type: 'test'
  ...
# (node:11139) Warning: The 'NO_COLOR' env is ignored due to the 'FORCE_COLOR' env being set.
# (Use `node --trace-warnings ...` to show where the warning was created)
# Subtest: AH-R01/AK09: locked app-host file policies preserve rotated files and remove revoked grants
ok 144 - AH-R01/AK09: locked app-host file policies preserve rotated files and remove revoked grants
  ---
  duration_ms: 1233.629083
  type: 'test'
  ...
# (node:11196) Warning: The 'NO_COLOR' env is ignored due to the 'FORCE_COLOR' env being set.
# (Use `node --trace-warnings ...` to show where the warning was created)
# Subtest: AH-R02 dsh-models describes refs without resolving values and adds pinned llm metadata
ok 145 - AH-R02 dsh-models describes refs without resolving values and adds pinned llm metadata
  ---
  duration_ms: 1.296375
  type: 'test'
  ...
# Subtest: AH-R03 coding gateway maps 404, off, configured and unreachable without exposing apiKey
ok 146 - AH-R03 coding gateway maps 404, off, configured and unreachable without exposing apiKey
  ---
  duration_ms: 1.0975
  type: 'test'
  ...
# Subtest: AH-R09 file gateway requires mode 0600 and returns the same provider contract
ok 147 - AH-R09 file gateway requires mode 0600 and returns the same provider contract
  ---
  duration_ms: 2.852791
  type: 'test'
  ...
# Subtest: AH-R08 every router route rejects missing client header, wrong origin, iframe and unauthenticated calls
ok 148 - AH-R08 every router route rejects missing client header, wrong origin, iframe and unauthenticated calls
  ---
  duration_ms: 13.990666
  type: 'test'
  ...
# (node:11197) Warning: The 'NO_COLOR' env is ignored due to the 'FORCE_COLOR' env being set.
# (Use `node --trace-warnings ...` to show where the warning was created)
# Subtest: H14: every browser command/env/cwd/path/url override is rejected before spawn
ok 149 - H14: every browser command/env/cwd/path/url override is rejected before spawn
  ---
  duration_ms: 22.216042
  type: 'test'
  ...
# Subtest: H14: control routes require authentication, CSRF header, exact origin and host
ok 150 - H14: control routes require authentication, CSRF header, exact origin and host
  ---
  duration_ms: 9.840458
  type: 'test'
  ...
# Subtest: AH routes: startup receipt can be cancelled and tokens are not leaked through list/events
ok 151 - AH routes: startup receipt can be cancelled and tokens are not leaked through list/events
  ---
  duration_ms: 150.422209
  type: 'test'
  ...
# Subtest: H08: busy Stop is HTTP 409 and names the occupying view
ok 152 - H08: busy Stop is HTTP 409 and names the occupying view
  ---
  duration_ms: 140.344166
  type: 'test'
  ...
# (node:11214) Warning: The 'NO_COLOR' env is ignored due to the 'FORCE_COLOR' env being set.
# (Use `node --trace-warnings ...` to show where the warning was created)
# AH-L01 reclaimed stale owner: {"deadPid":11215}
# Subtest: AH-L01: a runtime lock left by a dead owner is reclaimed (current and legacy record shapes)
ok 153 - AH-L01: a runtime lock left by a dead owner is reclaimed (current and legacy record shapes)
  ---
  duration_ms: 57.969125
  type: 'test'
  ...
# AH-L02 live owner blocks: {"pid":11234,"start":"Fri Oct 2 19:00:02 2026"}
# Subtest: AH-L02: a live owner still blocks, names its pid, and is never signalled
ok 154 - AH-L02: a live owner still blocks, names its pid, and is never signalled
  ---
  duration_ms: 81.167708
  type: 'test'
  ...
# AH-L03 pid reuse treated as dead: {"pid":11247,"liveStart":"Fri Oct 2 19:00:02 2026"}
# Subtest: AH-L03: same pid with a different start token is a reused pid: reclaimed, and the stranger is not signalled
ok 155 - AH-L03: same pid with a different start token is a reused pid: reclaimed, and the stranger is not signalled
  ---
  duration_ms: 84.1245
  type: 'test'
  ...
# AH-L04 orphan handling: {"unproven":11267,"terminated":11280,"death":{"code":null,"signal":"SIGKILL"}}
# Subtest: AH-L04: a surviving recorded child blocks unless provably ours; provably-ours orphans are terminated first
ok 156 - AH-L04: a surviving recorded child blocks unless provably ours; provably-ours orphans are terminated first
  ---
  duration_ms: 218.770208
  type: 'test'
  ...
# AH-L05 reclaimed after tree kill: {"oldGuardian":11302,"oldApp":11306,"newApp":11346,"newGuardian":11333}
# Subtest: AH-L05: shell tree force-killed -> next open reclaims the stale runtime lock and replaces the orphaned app
ok 157 - AH-L05: shell tree force-killed -> next open reclaims the stale runtime lock and replaces the orphaned app
  ---
  duration_ms: 640.4545
  type: 'test'
  ...
# AH-L06 unproven orphan keeps the lock: {"launcherPid":11397,"appPid":11399}
# Subtest: AH-L06: shell tree force-killed but the orphan cannot be proven ours -> open keeps failing DATA_ROOT_BUSY with the live pid
ok 158 - AH-L06: shell tree force-killed but the orphan cannot be proven ours -> open keeps failing DATA_ROOT_BUSY with the live pid
  ---
  duration_ms: 331.905959
  type: 'test'
  ...
# (node:11464) Warning: The 'NO_COLOR' env is ignored due to the 'FORCE_COLOR' env being set.
# (Use `node --trace-warnings ...` to show where the warning was created)
# Subtest: AH store: pre-publish failure preserves prior image; post-publish failure is explicitly uncertain
ok 159 - AH store: pre-publish failure preserves prior image; post-publish failure is explicitly uncertain
  ---
  duration_ms: 29.767166
  type: 'test'
  ...
# Subtest: AH store: a second live owner is rejected and cannot silently overwrite state
ok 160 - AH store: a second live owner is rejected and cannot silently overwrite state
  ---
  duration_ms: 19.23275
  type: 'test'
  ...
# Subtest: AH store: corrupt snapshots and symlinked roots fail closed
ok 161 - AH store: corrupt snapshots and symlinked roots fail closed
  ---
  duration_ms: 8.350416
  type: 'test'
  ...
# Subtest: AH readiness: unrelated HTTP 200 with the same app marker is not owned readiness
ok 162 - AH readiness: unrelated HTTP 200 with the same app marker is not owned readiness
  ---
  duration_ms: 217.0375
  type: 'test'
  ...
# Subtest: AH descriptors: relative commands, shell-style launch, missing data binding and host env are rejected
ok 163 - AH descriptors: relative commands, shell-style launch, missing data binding and host env are rejected
  ---
  duration_ms: 0.584125
  type: 'test'
  ...
# Subtest: H01/H11 guard: bare apply() cannot masquerade as a loaded plugin; the domain binding is a single-image port
ok 164 - H01/H11 guard: bare apply() cannot masquerade as a loaded plugin; the domain binding is a single-image port
  ---
  duration_ms: 0.3135
  type: 'test'
  ...
# (node:11477) Warning: The 'NO_COLOR' env is ignored due to the 'FORCE_COLOR' env being set.
# (Use `node --trace-warnings ...` to show where the warning was created)
# Subtest: AH-U01: open is recorded once per instance reaching ready; hanaRef is the app package name; sourcePlugin is app-host
ok 165 - AH-U01: open is recorded once per instance reaching ready; hanaRef is the app package name; sourcePlugin is app-host
  ---
  duration_ms: 462.724584
  type: 'test'
  ...
# Subtest: AH-U02: use is one per app per UTC hour of real gateway activity, reported when the hour closes; bootstrap, denials and 401/403 answers never count
ok 166 - AH-U02: use is one per app per UTC hour of real gateway activity, reported when the hour closes; bootstrap, denials and 401/403 answers never count
  ---
  duration_ms: 263.402584
  type: 'test'
  ...
# Subtest: AH-U03: no seat → nothing recorded, no throw; a seat that appears later is used from then on
ok 167 - AH-U03: no seat → nothing recorded, no throw; a seat that appears later is used from then on
  ---
  duration_ms: 628.544125
  type: 'test'
  ...
# Subtest: AH-U04: a rejecting, throwing or withholding seat never breaks the launch or the proxied request
ok 168 - AH-U04: a rejecting, throwing or withholding seat never breaks the launch or the proxied request
  ---
  duration_ms: 858.164291
  type: 'test'
  ...
# Subtest: AH-U05: hanaRef comes from the package — definition packageName, else the installed-scan binding, else no evidence
ok 169 - AH-U05: hanaRef comes from the package — definition packageName, else the installed-scan binding, else no evidence
  ---
  duration_ms: 476.767083
  type: 'test'
  ...
# Subtest: AH-U06: multiple instances of one app share the hour at the seat; the hour is reported once the last live instance stops
ok 170 - AH-U06: multiple instances of one app share the hour at the seat; the hour is reported once the last live instance stops
  ---
  duration_ms: 790.839209
  type: 'test'
  ...
# Subtest: AH-U08 (T6): the Router route becomes the hour receipt {providerId, model, count}; injections and requests are separate; unknown routes report without a receipt
ok 171 - AH-U08 (T6): the Router route becomes the hour receipt {providerId, model, count}; injections and requests are separate; unknown routes report without a receipt
  ---
  duration_ms: 462.576208
  type: 'test'
  ...
# Subtest: AH-U09 (T6): the receipt ledger persists through one debounced global.set, reloads, reports leftover closed hours on the next start and prunes
ok 172 - AH-U09 (T6): the receipt ledger persists through one debounced global.set, reloads, reports leftover closed hours on the next start and prunes
  ---
  duration_ms: 61.086917
  type: 'test'
  ...
1..172
# tests 176
# suites 0
# pass 173
# fail 0
# cancelled 0
# skipped 3
# todo 0
# duration_ms 44248.7585
