TAP version 13
# (node:57883) Warning: The 'NO_COLOR' env is ignored due to the 'FORCE_COLOR' env being set.
# (Use `node --trace-warnings ...` to show where the warning was created)
# Subtest: AH-R12 (T6) every injection tells the receipt observer the routed provider and model — never the value — and local receipts are readable per app
not ok 1 - AH-R12 (T6) every injection tells the receipt observer the routed provider and model — never the value — and local receipts are readable per app
  ---
  duration_ms: 2.65525
  type: 'test'
  location: '/private/var/folders/fy/_vc547vx0t75yjmxm8bbfwb40000gn/T/hm-app-host-mutation-pybML0/tests/router-broker.test.mjs:127:1'
  failureType: 'testCodeFailure'
  error: |-
    a throwing receipt observer never fails the credential injection
    [32m+ actual[39m [31m- expected[39m
    
    [39m  {
    [32m+[39m   error: 'observer down',
    [32m+[39m   injected: false
    [31m-[39m   error: undefined,
    [31m-[39m   injected: true
    [39m  }
    
  code: 'ERR_ASSERTION'
  name: 'AssertionError'
  expected:
    injected: true
  actual:
    injected: false
    error: 'observer down'
  operator: 'deepStrictEqual'
  stack: |-
    TestContext.<anonymous> (file:///private/var/folders/fy/_vc547vx0t75yjmxm8bbfwb40000gn/T/hm-app-host-mutation-pybML0/tests/router-broker.test.mjs:145:10)
    process.processTicksAndRejections (node:internal/process/task_queues:103:5)
    async Test.run (node:internal/test_runner/test:1110:7)
    async startSubtestAfterBootstrap (node:internal/test_runner/harness:358:3)
  ...
1..1
# tests 1
# suites 0
# pass 0
# fail 1
# cancelled 0
# skipped 0
# todo 0
# duration_ms 35.911292
(node:57882) Warning: The 'NO_COLOR' env is ignored due to the 'FORCE_COLOR' env being set.
(Use `node --trace-warnings ...` to show where the warning was created)
