(node:54863) Warning: The 'NO_COLOR' env is ignored due to the 'FORCE_COLOR' env being set.
(Use `node --trace-warnings ...` to show where the warning was created)
TAP version 13
# (node:54864) Warning: The 'NO_COLOR' env is ignored due to the 'FORCE_COLOR' env being set.
# (Use `node --trace-warnings ...` to show where the warning was created)
# Subtest: AH-PK01 (RED shape): a contract v1 bundle without the host stays PENDING — the state the pinned DSH boot audit rejects
ok 1 - AH-PK01 (RED shape): a contract v1 bundle without the host stays PENDING — the state the pinned DSH boot audit rejects
  ---
  duration_ms: 242.626917
  type: 'test'
  ...
# Subtest: AH-PK02 app before host: a v2 bundle is ACTIVE and inert without the host, then registers exactly once when the host arrives
ok 2 - AH-PK02 app before host: a v2 bundle is ACTIVE and inert without the host, then registers exactly once when the host arrives
  ---
  duration_ms: 101.561833
  type: 'test'
  ...
# Subtest: AH-PK03 host before app, host gone, host back: one registration per host life, app never fails, no orphan process
ok 3 - AH-PK03 host before app, host gone, host back: one registration per host life, app never fails, no orphan process
  ---
  duration_ms: 343.334458
  type: 'test'
  ...
# Subtest: AH-PK04 app uninstalled while the host runs: its definition goes, its owned runtime stops, its record and data stay
ok 4 - AH-PK04 app uninstalled while the host runs: its definition goes, its owned runtime stops, its record and data stay
  ---
  duration_ms: 526.535959
  type: 'test'
  ...
# Subtest: AH-PK05 a broken app definition is not swallowed: the registration fails loudly and nothing is registered
ok 5 - AH-PK05 a broken app definition is not swallowed: the registration fails loudly and nothing is registered
  ---
  duration_ms: 99.318542
  type: 'test'
  ...
# Subtest: AH-PK06 unregister only removes the exact registration (registrationId, not content) and is a no-op while the host closes
ok 6 - AH-PK06 unregister only removes the exact registration (registrationId, not content) and is a no-op while the host closes
  ---
  duration_ms: 66.776292
  type: 'test'
  ...
# Subtest: AH-PK07 checkAppPackageEntry: v2 entry passes; a top-level hanameshApps inject (array or map) or a stale contractVersion is refused
ok 7 - AH-PK07 checkAppPackageEntry: v2 entry passes; a top-level hanameshApps inject (array or map) or a stale contractVersion is refused
  ---
  duration_ms: 35.110667
  type: 'test'
  ...
# Subtest: AH-PK08 (SPEC R2) an Open already queued when unregister runs never reserves or launches a runtime for the removed app
ok 8 - AH-PK08 (SPEC R2) an Open already queued when unregister runs never reserves or launches a runtime for the removed app
  ---
  duration_ms: 179.850917
  type: 'test'
  ...
# Subtest: AH-PK09 (SPEC R3) unregistering app A stops only A: app B keeps its live, ready runtime
ok 9 - AH-PK09 (SPEC R3) unregistering app A stops only A: app B keeps its live, ready runtime
  ---
  duration_ms: 457.94025
  type: 'test'
  ...
# Subtest: AH-PK10 (SPEC R2) an Open whose reservation is mid-commit when unregister starts is found and stopped — no orphan runtime
ok 10 - AH-PK10 (SPEC R2) an Open whose reservation is mid-commit when unregister starts is found and stopped — no orphan runtime
  ---
  duration_ms: 135.811208
  type: 'test'
  ...
# Subtest: AH-PK11 (QUALITY R-Q1) a late disposer of an earlier registration of the SAME definition never removes the current one or stops its runtime
ok 11 - AH-PK11 (QUALITY R-Q1) a late disposer of an earlier registration of the SAME definition never removes the current one or stops its runtime
  ---
  duration_ms: 271.92625
  type: 'test'
  ...
# Subtest: AH-PK12 (QUALITY R-Q1 ordering) bundle reload, same definition: an Open of the new registration issued while the old cleanup runs gets a retryable INSTANCE_STOPPING, never a view on the dying runtime
ok 12 - AH-PK12 (QUALITY R-Q1 ordering) bundle reload, same definition: an Open of the new registration issued while the old cleanup runs gets a retryable INSTANCE_STOPPING, never a view on the dying runtime
  ---
  duration_ms: 483.668125
  type: 'test'
  ...
# Subtest: AH-PK12 (QUALITY R-Q1 ordering) bundle reload, upgraded definition: an Open of the new registration issued while the old cleanup runs gets a retryable INSTANCE_STOPPING, never a view on the dying runtime
ok 13 - AH-PK12 (QUALITY R-Q1 ordering) bundle reload, upgraded definition: an Open of the new registration issued while the old cleanup runs gets a retryable INSTANCE_STOPPING, never a view on the dying runtime
  ---
  duration_ms: 489.851292
  type: 'test'
  ...
# (node:55108) Warning: The 'NO_COLOR' env is ignored due to the 'FORCE_COLOR' env being set.
# (Use `node --trace-warnings ...` to show where the warning was created)
# Subtest: AH-UI17: Market opens one viewport application frame and closes its original lease
ok 14 - AH-UI17: Market opens one viewport application frame and closes its original lease
  ---
  duration_ms: 5.029875
  type: 'test'
  ...
# (node:55109) Warning: The 'NO_COLOR' env is ignored due to the 'FORCE_COLOR' env being set.
# (Use `node --trace-warnings ...` to show where the warning was created)
# Subtest: H13 REAL_BROWSER: named parent embeds unchanged app; direct top navigation and iframe control calls are denied
ok 15 - H13 REAL_BROWSER: named parent embeds unchanged app; direct top navigation and iframe control calls are denied # SKIP REAL_BROWSER unavailable: isolated Chromium binary was not found.
  ---
  duration_ms: 1.168292
  type: 'test'
  ...
# Subtest: H10 REAL_BROWSER: SIGKILL browser process group, no unload, lease expiry stops actual owned application
ok 16 - H10 REAL_BROWSER: SIGKILL browser process group, no unload, lease expiry stops actual owned application # SKIP REAL_BROWSER unavailable: isolated Chromium binary was not found.
  ---
  duration_ms: 0.383042
  type: 'test'
  ...
# (node:55110) Warning: The 'NO_COLOR' env is ignored due to the 'FORCE_COLOR' env being set.
# (Use `node --trace-warnings ...` to show where the warning was created)
# Subtest: AH-VL08: actual default90s lease survives idle market client and last-view close ends exact owned group
ok 17 - AH-VL08: actual default90s lease survives idle market client and last-view close ends exact owned group # SKIP
  ---
  duration_ms: 0.266542
  type: 'test'
  ...
# (node:55111) Warning: The 'NO_COLOR' env is ignored due to the 'FORCE_COLOR' env being set.
# (Use `node --trace-warnings ...` to show where the warning was created)
# Subtest: AH-VL01: real market client keeps one idle view renewed beyond its original TTL with exact current credential
ok 18 - AH-VL01: real market client keeps one idle view renewed beyond its original TTL with exact current credential
  ---
  duration_ms: 5.01975
  type: 'test'
  ...
# Subtest: AH-VL15: returning to a visible document or pageshow renews immediately before the old timer fires
ok 19 - AH-VL15: returning to a visible document or pageshow renews immediately before the old timer fires
  ---
  duration_ms: 1.718333
  type: 'test'
  ...
# Subtest: AH-VL16: expired heartbeat removes the stale iframe and offers explicit Market reopen
ok 20 - AH-VL16: expired heartbeat removes the stale iframe and offers explicit Market reopen
  ---
  duration_ms: 0.751625
  type: 'test'
  ...
# Subtest: AH-VL17: stopped instance heartbeat clears its unusable frame without reviving it
ok 21 - AH-VL17: stopped instance heartbeat clears its unusable frame without reviving it
  ---
  duration_ms: 0.887917
  type: 'test'
  ...
# Subtest: AH-VL18: pagehide closes the lease and pageshow cannot revive its old frame
ok 22 - AH-VL18: pagehide closes the lease and pageshow cannot revive its old frame
  ---
  duration_ms: 0.589417
  type: 'test'
  ...
# Subtest: AH-VL02: close-last-view cancels renewals immediately and sends one explicit lease close
ok 23 - AH-VL02: close-last-view cancels renewals immediately and sends one explicit lease close
  ---
  duration_ms: 0.664625
  type: 'test'
  ...
# Subtest: AH-VL03: hiding the overlay releases the exact lease and never keeps a hidden view alive
ok 24 - AH-VL03: hiding the overlay releases the exact lease and never keeps a hidden view alive
  ---
  duration_ms: 0.865042
  type: 'test'
  ...
# Subtest: AH-VL04: unmount during in-flight heartbeat aborts it, closes once and ignores its late completion
ok 25 - AH-VL04: unmount during in-flight heartbeat aborts it, closes once and ignores its late completion
  ---
  duration_ms: 0.434875
  type: 'test'
  ...
# Subtest: AH-VL05: transient heartbeat transport failure is observed and retried without creating a new view
ok 26 - AH-VL05: transient heartbeat transport failure is observed and retried without creating a new view
  ---
  duration_ms: 0.576375
  type: 'test'
  ...
# Subtest: AH-VL06: terminal expired lease is not silently resumed or renewed forever
ok 27 - AH-VL06: terminal expired lease is not silently resumed or renewed forever
  ---
  duration_ms: 0.769833
  type: 'test'
  ...
# Subtest: AH-VL07: pagehide performs best-effort close, cancels heartbeat and unmount does not duplicate close
ok 28 - AH-VL07: pagehide performs best-effort close, cancels heartbeat and unmount does not duplicate close
  ---
  duration_ms: 0.452916
  type: 'test'
  ...
# Subtest: AH-VL09: clicking close during in-flight heartbeat fences its late response and releases exactly once
ok 29 - AH-VL09: clicking close during in-flight heartbeat fences its late response and releases exactly once
  ---
  duration_ms: 0.468833
  type: 'test'
  ...
# Subtest: AH-VL10: failed close can be explicitly retried after network recovery without restarting renewal
ok 30 - AH-VL10: failed close can be explicitly retried after network recovery without restarting renewal
  ---
  duration_ms: 0.674
  type: 'test'
  ...
# Subtest: AH-VL11: overlapping explicit closes share the in-flight request and successful cleanup remains idempotent
ok 31 - AH-VL11: overlapping explicit closes share the in-flight request and successful cleanup remains idempotent
  ---
  duration_ms: 0.363375
  type: 'test'
  ...
# Subtest: AH-VL12: late ready Open receipt after hiding is closed without anonymous resume or renewal
ok 32 - AH-VL12: late ready Open receipt after hiding is closed without anonymous resume or renewal
  ---
  duration_ms: 0.575625
  type: 'test'
  ...
# Subtest: AH-VL12: late starting Open receipt after hiding is closed without anonymous resume or renewal
ok 33 - AH-VL12: late starting Open receipt after hiding is closed without anonymous resume or renewal
  ---
  duration_ms: 0.7535
  type: 'test'
  ...
# Subtest: AH-VL13: late Open receipt after unmount is explicitly closed and never polled or retained
ok 34 - AH-VL13: late Open receipt after unmount is explicitly closed and never polled or retained
  ---
  duration_ms: 0.479959
  type: 'test'
  ...
# Subtest: AH-VL14: hiding then reopening market does not resurrect an old pending Open receipt
ok 35 - AH-VL14: hiding then reopening market does not resurrect an old pending Open receipt
  ---
  duration_ms: 0.403
  type: 'test'
  ...
# (node:55112) Warning: The 'NO_COLOR' env is ignored due to the 'FORCE_COLOR' env being set.
# (Use `node --trace-warnings ...` to show where the warning was created)
# Subtest: X01: consistency declaration covers each production group and boundary
ok 36 - X01: consistency declaration covers each production group and boundary
  ---
  duration_ms: 5.529208
  type: 'test'
  ...
# X02 first-lease: {"point":"snapshot-temp-fsynced","death":{"code":null,"signal":"SIGKILL"},"facts":[false,false,false],"revision":0}
# Subtest: X02 first-lease: real SIGKILL at snapshot-temp-fsynced restores all or none
ok 37 - X02 first-lease: real SIGKILL at snapshot-temp-fsynced restores all or none
  ---
  duration_ms: 91.332958
  type: 'test'
  ...
# X02 stopped-views: {"point":"snapshot-temp-fsynced","death":{"code":null,"signal":"SIGKILL"},"facts":[false,false,false],"revision":4}
# Subtest: X02 stopped-views: real SIGKILL at snapshot-temp-fsynced restores all or none
ok 38 - X02 stopped-views: real SIGKILL at snapshot-temp-fsynced restores all or none
  ---
  duration_ms: 351.240875
  type: 'test'
  ...
# X02 first-lease: {"point":"snapshot-published","death":{"code":null,"signal":"SIGKILL"},"facts":[true,true,true],"revision":1}
# Subtest: X02 first-lease: real SIGKILL at snapshot-published restores all or none
ok 39 - X02 first-lease: real SIGKILL at snapshot-published restores all or none
  ---
  duration_ms: 95.610375
  type: 'test'
  ...
# X02 stopped-views: {"point":"snapshot-published","death":{"code":null,"signal":"SIGKILL"},"facts":[true,true,true],"revision":5}
# Subtest: X02 stopped-views: real SIGKILL at snapshot-published restores all or none
ok 40 - X02 stopped-views: real SIGKILL at snapshot-published restores all or none
  ---
  duration_ms: 348.36625
  type: 'test'
  ...
# X03 reserve-launch: {"signal":"SIGKILL","instanceId":"1629e19a-64bb-44e4-825e-b8b5c9d84fc9","pid":55153,"appWroteData":true,"durableOwner":true,"guardianCleanup":true}
# Subtest: X03 reserve-launch: SIGKILL after actual process writes leaves a durable owner, never unowned data
ok 41 - X03 reserve-launch: SIGKILL after actual process writes leaves a durable owner, never unowned data
  ---
  duration_ms: 275.538041
  type: 'test'
  ...
# X03 stop-publish: {"signal":"SIGKILL","stateAfterRestart":"stopping","aliveAtCut":false,"aliveAfterRestart":false}
# Subtest: X03 stop-publish: SIGKILL at stop boundary cannot advertise stopped while the app is alive
ok 42 - X03 stop-publish: SIGKILL at stop boundary cannot advertise stopped while the app is alive
  ---
  duration_ms: 358.237542
  type: 'test'
  ...
# H12 real host kill/resume: {"stableInstance":"d373c5de-f426-4711-890e-1146e3cbe717","oldRuntime":"71d2e1f8-eb08-44bc-af9d-f2fbaca6ec94","newRuntime":"3c134245-85ad-482a-a146-131a36b75126","dataRetained":true}
# Subtest: H12/H06: SIGKILL host, guardian cleanup, fresh host exact-identity resume and persisted app data
ok 43 - H12/H06: SIGKILL host, guardian cleanup, fresh host exact-identity resume and persisted app data
  ---
  duration_ms: 603.609375
  type: 'test'
  ...
# Subtest: H12: a stale view from a killed host cannot delay stopping a newly opened view
ok 44 - H12: a stale view from a killed host cannot delay stopping a newly opened view
  ---
  duration_ms: 878.20225
  type: 'test'
  ...
# (node:55345) Warning: The 'NO_COLOR' env is ignored due to the 'FORCE_COLOR' env being set.
# (Use `node --trace-warnings ...` to show where the warning was created)
# Subtest: AH-C1: credentialEnv is validated — host control names, duplicates, static-env repeats and escaping paths are rejected
ok 45 - AH-C1: credentialEnv is validated — host control names, duplicates, static-env repeats and escaping paths are rejected
  ---
  duration_ms: 3.229917
  type: 'test'
  ...
# Subtest: AH-C2/C3/C4: resolver values reach the child only for declared names; undeclared env and escaping files are rejected with events; logs are redacted
ok 46 - AH-C2/C3/C4: resolver values reach the child only for declared names; undeclared env and escaping files are rejected with events; logs are redacted
  ---
  duration_ms: 230.478666
  type: 'test'
  ...
# Subtest: AH-C5: a throwing resolver is recorded and never blocks the launch
ok 47 - AH-C5: a throwing resolver is recorded and never blocks the launch
  ---
  duration_ms: 212.388084
  type: 'test'
  ...
# Subtest: AH-C6: without a resolver (or after its disposer ran) nothing is injected and no credential event exists
ok 48 - AH-C6: without a resolver (or after its disposer ran) nothing is injected and no credential event exists
  ---
  duration_ms: 205.850625
  type: 'test'
  ...
# Subtest: AH-C7 (rc.6): file policy — if-absent keeps an app-rotated file, overwrite replaces it, remove deletes it; events name each
ok 49 - AH-C7 (rc.6): file policy — if-absent keeps an app-rotated file, overwrite replaces it, remove deletes it; events name each
  ---
  duration_ms: 809.127541
  type: 'test'
  ...
# (node:55406) Warning: The 'NO_COLOR' env is ignored due to the 'FORCE_COLOR' env being set.
# (Use `node --trace-warnings ...` to show where the warning was created)
# Subtest: AH-P01: runtime deployment is valid without command and participates in the definition fingerprint
ok 50 - AH-P01: runtime deployment is valid without command and participates in the definition fingerprint
  ---
  duration_ms: 0.873125
  type: 'test'
  ...
# Subtest: AH-P02: runtime item, installTo and exec must remain inside the provisioned tree
ok 51 - AH-P02: runtime item, installTo and exec must remain inside the provisioned tree
  ---
  duration_ms: 0.289125
  type: 'test'
  ...
# Subtest: AH-P03: host launches the executable selected by the validated runtime and matching ledger
ok 52 - AH-P03: host launches the executable selected by the validated runtime and matching ledger
  ---
  duration_ms: 629.729709
  type: 'test'
  ...
# Subtest: AH-P04: missing, stale or non-executable runtime fails closed as RUNTIME_MISSING
    # Subtest: missing-ledger
    ok 1 - missing-ledger
      ---
      duration_ms: 27.395333
      type: 'test'
      ...
    # Subtest: stale-ledger
    ok 2 - stale-ledger
      ---
      duration_ms: 27.92375
      type: 'test'
      ...
    # Subtest: missing-exec
    ok 3 - missing-exec
      ---
      duration_ms: 23.723417
      type: 'test'
      ...
    # Subtest: non-executable
    ok 4 - non-executable
      ---
      duration_ms: 22.862416
      type: 'test'
      ...
    1..4
ok 53 - AH-P04: missing, stale or non-executable runtime fails closed as RUNTIME_MISSING
  ---
  duration_ms: 102.432958
  type: 'test'
  ...
# (node:55427) Warning: The 'NO_COLOR' env is ignored due to the 'FORCE_COLOR' env being set.
# (Use `node --trace-warnings ...` to show where the warning was created)
# Subtest: H01 (harness half): the plugin activates on a real Cordis root and provides ctx.hanameshApps
ok 54 - H01 (harness half): the plugin activates on a real Cordis root and provides ctx.hanameshApps
  ---
  duration_ms: 71.536875
  type: 'test'
  ...
# Subtest: H11: lease/instance state lands in the storage-domain sidecar and DSH still reads its own session
ok 55 - H11: lease/instance state lands in the storage-domain sidecar and DSH still reads its own session
  ---
  duration_ms: 320.122917
  type: 'test'
  ...
# Subtest: H14/AC-07 on the real web server: unauthenticated, wrong origin and iframe callers are refused
ok 56 - H14/AC-07 on the real web server: unauthenticated, wrong origin and iframe callers are refused
  ---
  duration_ms: 70.43225
  type: 'test'
  ...
# Subtest: H09/dispose: unloading the plugin removes its routes, stops owned instances, and closes the domain
ok 57 - H09/dispose: unloading the plugin removes its routes, stops owned instances, and closes the domain
  ---
  duration_ms: 332.486583
  type: 'test'
  ...
# Subtest: AC-26 shape: without the connection service the plugin never activates, so no route is public
ok 58 - AC-26 shape: without the connection service the plugin never activates, so no route is public
  ---
  duration_ms: 336.030417
  type: 'test'
  ...
# Subtest: unit: bare apply() cannot masquerade as a loaded plugin
ok 59 - unit: bare apply() cannot masquerade as a loaded plugin
  ---
  duration_ms: 0.324
  type: 'test'
  ...
# Subtest: teardown: a whole-root unload (profile shutdown) never orphans an owned process, even though the storage domain closes concurrently
ok 60 - teardown: a whole-root unload (profile shutdown) never orphans an owned process, even though the storage domain closes concurrently
  ---
  duration_ms: 282.548916
  type: 'test'
  ...
# Subtest: AH-L07 (plugin): an unconfigured library seeds the HanaMesh catalog source through the real Config schema; an explicit [] does not
ok 61 - AH-L07 (plugin): an unconfigured library seeds the HanaMesh catalog source through the real Config schema; an explicit [] does not
  ---
  duration_ms: 135.612792
  type: 'test'
  ...
# Subtest: AH-U07 (plugin): usage evidence reaches ctx.hanameshUsage.record when that sibling is provided — before or after this plugin — and its absence changes nothing
ok 62 - AH-U07 (plugin): usage evidence reaches ctx.hanameshUsage.record when that sibling is provided — before or after this plugin — and its absence changes nothing
  ---
  duration_ms: 825.723834
  type: 'test'
  ...
# Subtest: AH-M08 (plugin): rc.28 market routes are registered on the real web server behind the same auth chain; without an installer the plugin seats answer 503, never 500
ok 63 - AH-M08 (plugin): rc.28 market routes are registered on the real web server behind the same auth chain; without an installer the plugin seats answer 503, never 500
  ---
  duration_ms: 68.813541
  type: 'test'
  ...
# Subtest: the library entry never pulls a DSH-only peer into a plain consumer import graph
ok 64 - the library entry never pulls a DSH-only peer into a plain consumer import graph
  ---
  duration_ms: 3.865417
  type: 'test'
  ...
# (node:55539) Warning: The 'NO_COLOR' env is ignored due to the 'FORCE_COLOR' env being set.
# (Use `node --trace-warnings ...` to show where the warning was created)
# Subtest: AH-L11: an exited app closes promptly without spending the unused five-second TERM grace
ok 65 - AH-L11: an exited app closes promptly without spending the unused five-second TERM grace
  ---
  duration_ms: 431.677542
  type: 'test'
  ...
# (node:55587) Warning: The 'NO_COLOR' env is ignored due to the 'FORCE_COLOR' env being set.
# (Use `node --trace-warnings ...` to show where the warning was created)
# Subtest: H13: fixed gateway changes only XFO/frame-ancestors; preserves HTML, gzip and application headers
ok 66 - H13: fixed gateway changes only XFO/frame-ancestors; preserves HTML, gzip and application headers
  ---
  duration_ms: 79.575625
  type: 'test'
  ...
# Subtest: H14: gateway requires live capability; denies foreign origins, top navigation, arbitrary targets and ticket reuse
ok 67 - H14: gateway requires live capability; denies foreign origins, top navigation, arbitrary targets and ticket reuse
  ---
  duration_ms: 67.815959
  type: 'test'
  ...
# Subtest: H14: gateway strips DSH credentials, control headers and unregistered cookies
ok 68 - H14: gateway strips DSH credentials, control headers and unregistered cookies
  ---
  duration_ms: 66.025292
  type: 'test'
  ...
# Subtest: AH gateway: uploads, SSE, relative application paths and redirects retain transport semantics
ok 69 - AH gateway: uploads, SSE, relative application paths and redirects retain transport semantics
  ---
  duration_ms: 145.536959
  type: 'test'
  ...
# Subtest: AH gateway: real WebSocket upgrade preserves frame bytes
ok 70 - AH gateway: real WebSocket upgrade preserves frame bytes
  ---
  duration_ms: 66.478625
  type: 'test'
  ...
# Subtest: H15: embedded webview without third-party cookies — Fetch Metadata capability after a consumed bootstrap ticket
ok 71 - H15: embedded webview without third-party cookies — Fetch Metadata capability after a consumed bootstrap ticket
  ---
  duration_ms: 70.5725
  type: 'test'
  ...
# Subtest: H15: no bootstrap ever consumed → Fetch Metadata alone never authorizes
ok 72 - H15: no bootstrap ever consumed → Fetch Metadata alone never authorizes
  ---
  duration_ms: 64.465417
  type: 'test'
  ...
# Subtest: H15: embedded WebSocket handshake authorizes by the app origin without a cookie; foreign origin denied
ok 73 - H15: embedded WebSocket handshake authorizes by the app origin without a cookie; foreign origin denied
  ---
  duration_ms: 68.523875
  type: 'test'
  ...
# Subtest: H16: frame-ancestors lists the shell webview origin as well as the workspace; bogus ancestors are refused
ok 74 - H16: frame-ancestors lists the shell webview origin as well as the workspace; bogus ancestors are refused
  ---
  duration_ms: 68.646583
  type: 'test'
  ...
# (node:55597) Warning: The 'NO_COLOR' env is ignored due to the 'FORCE_COLOR' env being set.
# (Use `node --trace-warnings ...` to show where the warning was created)
# Subtest: AH-L09: catalog items may carry schema-allowed updatedAt
ok 75 - AH-L09: catalog items may carry schema-allowed updatedAt
  ---
  duration_ms: 0.667291
  type: 'test'
  ...
# (node:55598) Warning: The 'NO_COLOR' env is ignored due to the 'FORCE_COLOR' env being set.
# (Use `node --trace-warnings ...` to show where the warning was created)
# Subtest: AH-L01: fixture catalog validates all entries and exposes only installable HanaMesh applications
ok 76 - AH-L01: fixture catalog validates all entries and exposes only installable HanaMesh applications
  ---
  duration_ms: 1.984792
  type: 'test'
  ...
# Subtest: AH-L02: catalog URLs are standard-port HTTPS and redirects remain same-origin
ok 77 - AH-L02: catalog URLs are standard-port HTTPS and redirects remain same-origin
  ---
  duration_ms: 9.57125
  type: 'test'
  ...
# (node:55599) Warning: The 'NO_COLOR' env is ignored due to the 'FORCE_COLOR' env being set.
# (Use `node --trace-warnings ...` to show where the warning was created)
# Subtest: AH-L04/L05: install uses explicit Node + DSH argv, exact stable registry version, then provisions the declared item
ok 78 - AH-L04/L05: install uses explicit Node + DSH argv, exact stable registry version, then provisions the declared item
  ---
  duration_ms: 10.874583
  type: 'test'
  ...
# Subtest: AH-L06: uninstall removes the package and owned runtime but preserves application data
ok 79 - AH-L06: uninstall removes the package and owned runtime but preserves application data
  ---
  duration_ms: 1.788708
  type: 'test'
  ...
# Subtest: AH-RI01: uninstall clears generated Python bytecode left by provision remove
ok 80 - AH-RI01: uninstall clears generated Python bytecode left by provision remove
  ---
  duration_ms: 1.375
  type: 'test'
  ...
# Subtest: AH-RI02: uninstall preserves unknown runtime residue and reports incomplete cleanup
ok 81 - AH-RI02: uninstall preserves unknown runtime residue and reports incomplete cleanup
  ---
  duration_ms: 0.834875
  type: 'test'
  ...
# (node:55600) Warning: The 'NO_COLOR' env is ignored due to the 'FORCE_COLOR' env being set.
# (Use `node --trace-warnings ...` to show where the warning was created)
# Subtest: AH-L03: installed scan reports registered, installed-not-loaded and runtime-missing independently of catalog sources
ok 82 - AH-L03: installed scan reports registered, installed-not-loaded and runtime-missing independently of catalog sources
  ---
  duration_ms: 9.286334
  type: 'test'
  ...
# Subtest: AH-L13 (rc.42): each application row says whether it survives the host being removed — contract ≥2 host-optional, v1/undeclared host-required
ok 83 - AH-L13 (rc.42): each application row says whether it survives the host being removed — contract ≥2 host-optional, v1/undeclared host-required
  ---
  duration_ms: 2.234083
  type: 'test'
  ...
# (node:55601) Warning: The 'NO_COLOR' env is ignored due to the 'FORCE_COLOR' env being set.
# (Use `node --trace-warnings ...` to show where the warning was created)
# Subtest: AH-L07: library.sources unset → the HanaMesh catalog source is seeded; an explicit [] stays empty
ok 84 - AH-L07: library.sources unset → the HanaMesh catalog source is seeded; an explicit [] stays empty
  ---
  duration_ms: 3.212
  type: 'test'
  ...
# Subtest: AH-L08: profileDir/profileName are inferred from the package's own real location inside a `dsh plugin` profile
ok 85 - AH-L08: profileDir/profileName are inferred from the package's own real location inside a `dsh plugin` profile
  ---
  duration_ms: 10.952708
  type: 'test'
  ...
# Subtest: AH-L09: nodeBinary is this process only outside Electron; explicit configuration always wins
ok 86 - AH-L09: nodeBinary is this process only outside Electron; explicit configuration always wins
  ---
  duration_ms: 1.838083
  type: 'test'
  ...
# Subtest: AH-L10: dshBin is taken from argv[1] only when that script is @deepseek-ai/dsh/lib/bin.js
ok 87 - AH-L10: dshBin is taken from argv[1] only when that script is @deepseek-ai/dsh/lib/bin.js
  ---
  duration_ms: 0.468958
  type: 'test'
  ...
# (node:55602) Warning: The 'NO_COLOR' env is ignored due to the 'FORCE_COLOR' env being set.
# (Use `node --trace-warnings ...` to show where the warning was created)
# Subtest: AH-M01: a catalog plugin installs through the same `dsh plugin add --save-exact` path as an application, reads no app.json and provisions nothing
ok 88 - AH-M01: a catalog plugin installs through the same `dsh plugin add --save-exact` path as an application, reads no app.json and provisions nothing
  ---
  duration_ms: 5.384042
  type: 'test'
  ...
# Subtest: AH-M02: plugin uninstall is `dsh plugin remove <name>`; the HanaMesh suite itself is refused both ways (PACKAGE_DENIED)
ok 89 - AH-M02: plugin uninstall is `dsh plugin remove <name>`; the HanaMesh suite itself is refused both ways (PACKAGE_DENIED)
  ---
  duration_ms: 2.18575
  type: 'test'
  ...
# Subtest: AH-M03: installed plugins = profile dependencies minus application packages, with restart states from the boot snapshot
ok 90 - AH-M03: installed plugins = profile dependencies minus application packages, with restart states from the boot snapshot
  ---
  duration_ms: 11.371208
  type: 'test'
  ...
# Subtest: AH-M04: upgrade = catalog latestVersion strictly newer than the installed version (semver, prerelease below release)
ok 91 - AH-M04: upgrade = catalog latestVersion strictly newer than the installed version (semver, prerelease below release)
  ---
  duration_ms: 0.28825
  type: 'test'
  ...
# Subtest: AH-M05: the market listing annotates every entry with kind / installed row / upgradeAvailable, lists categories, installed plugins and restartRequired
ok 92 - AH-M05: the market listing annotates every entry with kind / installed row / upgradeAvailable, lists categories, installed plugins and restartRequired
  ---
  duration_ms: 10.492625
  type: 'test'
  ...
# Subtest: AH-M06 (LIB-PROVISION-INPUT): missing or malformed provision / uninstall / plugin fields answer 400 INVALID_INPUT before any operation starts; installedPlugins and the plugin routes are served
ok 93 - AH-M06 (LIB-PROVISION-INPUT): missing or malformed provision / uninstall / plugin fields answer 400 INVALID_INPUT before any operation starts; installedPlugins and the plugin routes are served
  ---
  duration_ms: 79.089709
  type: 'test'
  ...
# Subtest: AH-M07 (client source): the entry is 「市场」, cards carry kind/state/upgrade, and a plugin change shows 「需重启 DSH」 with the hanamesh://restart deep link only inside the shell
ok 94 - AH-M07 (client source): the entry is 「市场」, cards carry kind/state/upgrade, and a plugin change shows 「需重启 DSH」 with the hanamesh://restart deep link only inside the shell
  ---
  duration_ms: 0.566833
  type: 'test'
  ...
# (node:55610) Warning: The 'NO_COLOR' env is ignored due to the 'FORCE_COLOR' env being set.
# (Use `node --trace-warnings ...` to show where the warning was created)
# Subtest: AH-L10: category, q and cursor reach the provider endpoint
ok 95 - AH-L10: category, q and cursor reach the provider endpoint
  ---
  duration_ms: 10.797333
  type: 'test'
  ...
# Subtest: AH-L11: library card tracks install/provision/uninstall operations via the event feed and shows failures inline (user 2026-09-20)
ok 96 - AH-L11: library card tracks install/provision/uninstall operations via the event feed and shows failures inline (user 2026-09-20)
  ---
  duration_ms: 1.314
  type: 'test'
  ...
# (node:55611) Warning: The 'NO_COLOR' env is ignored due to the 'FORCE_COLOR' env being set.
# (Use `node --trace-warnings ...` to show where the warning was created)
# H02 real process evidence: {"opens":8,"pids":[55617]}
# Subtest: H02: eight concurrent opens reserve one actual application process
ok 97 - H02: eight concurrent opens reserve one actual application process
  ---
  duration_ms: 225.922167
  type: 'test'
  ...
# H03 actual directory contents: {"a":{"path":"/private/var/folders/fy/_vc547vx0t75yjmxm8bbfwb40000gn/T/hm-app-host-55611-rFfCLn/data/4740ae6347b0172c01254ff5/example/local/data-v1/cc289198-a396-4ebf-8f7f-6117f875e738","files":[".runtime.lock","cache","config","home","runtime-evidence.json","state","tmp","write-ad8b26e8-8ab5-4be1-9007-62ef90da30d3.txt"]},"b":{"path":"/private/var/folders/fy/_vc547vx0t75yjmxm8bbfwb40000gn/T/hm-app-host-55611-rFfCLn/data/4740ae6347b0172c01254ff5/example/local/data-v1/c96843ae-15b6-49db-a256-36740b99424e","files":[".runtime.lock","cache","config","home","runtime-evidence.json","state","tmp","write-2bf7bb7b-3e34-4c7b-89a0-fd7d60bd27d6.txt"]}}
# Subtest: H03: multi-instance applications write genuinely separate data roots
ok 98 - H03: multi-instance applications write genuinely separate data roots
  ---
  duration_ms: 359.304875
  type: 'test'
  ...
# Subtest: H04/H05: reopen is idempotent; closing one view does not stop the other
ok 99 - H04/H05: reopen is idempotent; closing one view does not stop the other
  ---
  duration_ms: 250.707208
  type: 'test'
  ...
# H06 durable slot restore: {"old":"c067eb7c-ddf6-402b-93c9-31034c389bb3","restored":"c067eb7c-ddf6-402b-93c9-31034c389bb3","originalSessionId":"document-exact-a"}
# Subtest: H06: restart/resume preserves exact view, deployment, data and original-session identities
ok 100 - H06: restart/resume preserves exact view, deployment, data and original-session identities
  ---
  duration_ms: 757.281042
  type: 'test'
  ...
# Subtest: H07: forged, expired-generation, and cross-principal close cannot decrement another lease
ok 101 - H07: forged, expired-generation, and cross-principal close cannot decrement another lease
  ---
  duration_ms: 416.292375
  type: 'test'
  ...
# Subtest: H08: busy Stop explains occupiers; confirmed stop emits durable notifications for every view
ok 102 - H08: busy Stop explains occupiers; confirmed stop emits durable notifications for every view
  ---
  duration_ms: 221.443958
  type: 'test'
  ...
# Subtest: H09: attach close, stopAll and dispose never signal the external process
ok 103 - H09: attach close, stopAll and dispose never signal the external process
  ---
  duration_ms: 196.083875
  type: 'test'
  ...
# Subtest: H10: expired leases converge without any unload request
ok 104 - H10: expired leases converge without any unload request
  ---
  duration_ms: 485.216541
  type: 'test'
  ...
# Subtest: AH: startup cancellation receipt stops the actual child and does not return false-ready
ok 105 - AH: startup cancellation receipt stops the actual child and does not return false-ready
  ---
  duration_ms: 145.29325
  type: 'test'
  ...
# Subtest: AH: never-ready startup is bounded, cleans up, and supports an explicit retry
ok 106 - AH: never-ready startup is bounded, cleans up, and supports an explicit retry
  ---
  duration_ms: 547.489667
  type: 'test'
  ...
# Subtest: AH: spontaneous application exit cannot leave ready forever
ok 107 - AH: spontaneous application exit cannot leave ready forever
  ---
  duration_ms: 257.607625
  type: 'test'
  ...
# Subtest: AH: disjoint applications launch independently and cannot rebind an existing view
ok 108 - AH: disjoint applications launch independently and cannot rebind an existing view
  ---
  duration_ms: 305.582334
  type: 'test'
  ...
# Subtest: AH: host secrets are not inherited; logs redact bearer and JSON secrets
ok 109 - AH: host secrets are not inherited; logs redact bearer and JSON secrets
  ---
  duration_ms: 205.0535
  type: 'test'
  ...
# Subtest: AH: confirmed Stop removes a SIGTERM-resistant descendant in its owned group
ok 110 - AH: confirmed Stop removes a SIGTERM-resistant descendant in its owned group
  ---
  duration_ms: 274.671792
  type: 'test'
  ...
# Subtest: FIX-01: lost receipt recovery is owner-confirmed, fences old credentials and retains exact identity
ok 111 - FIX-01: lost receipt recovery is owner-confirmed, fences old credentials and retains exact identity
  ---
  duration_ms: 226.057667
  type: 'test'
  ...
# Subtest: FIX-01 gateway: closed/recovered generations never regain iframe capabilities after reopen
ok 112 - FIX-01 gateway: closed/recovered generations never regain iframe capabilities after reopen
  ---
  duration_ms: 240.00075
  type: 'test'
  ...
# Subtest: AH recovery: tampered data-root bindings cannot redirect application writes
ok 113 - AH recovery: tampered data-root bindings cannot redirect application writes
  ---
  duration_ms: 215.262333
  type: 'test'
  ...
# Subtest: AH-D1: an upgraded descriptor is adopted by a stopped instance across a host restart
ok 114 - AH-D1: an upgraded descriptor is adopted by a stopped instance across a host restart
  ---
  duration_ms: 431.047667
  type: 'test'
  ...
# (node:55959) Warning: The 'NO_COLOR' env is ignored due to the 'FORCE_COLOR' env being set.
# (Use `node --trace-warnings ...` to show where the warning was created)
# Subtest: AH-MS01: with no dshmarket the plugin provides the `market` seat, and the seat renders the market page and can hide our own entry
ok 115 - AH-MS01: with no dshmarket the plugin provides the `market` seat, and the seat renders the market page and can hide our own entry
  ---
  duration_ms: 3.299
  type: 'test'
  ...
# Subtest: AH-MS02: dshmarket installed in the profile — the seat is left alone, the market page carries the 「只能其一」 notice, and the host logged it
ok 116 - AH-MS02: dshmarket installed in the profile — the seat is left alone, the market page carries the 「只能其一」 notice, and the host logged it
  ---
  duration_ms: 1.273875
  type: 'test'
  ...
# Subtest: AH-MS03: dshmarket already holding the seat is detected before we try to provide it
ok 117 - AH-MS03: dshmarket already holding the seat is detected before we try to provide it
  ---
  duration_ms: 0.402791
  type: 'test'
  ...
# Subtest: AH-MS04: an unreachable host never blocks the seat, and disposing the plugin gives the seat back
ok 118 - AH-MS04: an unreachable host never blocks the seat, and disposing the plugin gives the seat back
  ---
  duration_ms: 0.400875
  type: 'test'
  ...
# Subtest: AH-MS05: the in-shell restart goes through the shell postMessage bridge, not a blocked iframe scheme navigation
ok 119 - AH-MS05: the in-shell restart goes through the shell postMessage bridge, not a blocked iframe scheme navigation
  ---
  duration_ms: 0.425125
  type: 'test'
  ...
# (node:55960) Warning: The 'NO_COLOR' env is ignored due to the 'FORCE_COLOR' env being set.
# (Use `node --trace-warnings ...` to show where the warning was created)
# Subtest: AH-K5-1: guardian and launcher use the explicit executable Node runtime
ok 120 - AH-K5-1: guardian and launcher use the explicit executable Node runtime
  ---
  duration_ms: 222.826875
  type: 'test'
  ...
# Subtest: AH-K5-1: internal runtime environment has only the controlled whitelist
ok 121 - AH-K5-1: internal runtime environment has only the controlled whitelist
  ---
  duration_ms: 0.322084
  type: 'test'
  ...
# Subtest: AH-K5-2: Electron self-hosting refuses fallback and persists a failed instance event
ok 122 - AH-K5-2: Electron self-hosting refuses fallback and persists a failed instance event
  ---
  duration_ms: 30.030208
  type: 'test'
  ...
# Subtest: AH-K5-2: configured nodeBinary must be absolute and executable
ok 123 - AH-K5-2: configured nodeBinary must be absolute and executable
  ---
  duration_ms: 0.702166
  type: 'test'
  ...
# Subtest: AH-K5-3: guardian refuses an Electron runtime with exit 78 and a typed event
ok 124 - AH-K5-3: guardian refuses an Electron runtime with exit 78 and a typed event
  ---
  duration_ms: 33.178333
  type: 'test'
  ...
# (node:55972) Warning: The 'NO_COLOR' env is ignored due to the 'FORCE_COLOR' env being set.
# (Use `node --trace-warnings ...` to show where the warning was created)
# Subtest: AH-UI15: Open acknowledges the click while startup is still in flight
ok 125 - AH-UI15: Open acknowledges the click while startup is still in flight
  ---
  duration_ms: 4.600417
  type: 'test'
  ...
# Subtest: AH-UI16: Close acknowledges the click while owned-process cleanup is still in flight
ok 126 - AH-UI16: Close acknowledges the click while owned-process cleanup is still in flight
  ---
  duration_ms: 1.66475
  type: 'test'
  ...
# Subtest: AH-UI18: pending Open polls read-only status and resumes exactly once after ready
ok 127 - AH-UI18: pending Open polls read-only status and resumes exactly once after ready
  ---
  duration_ms: 0.866708
  type: 'test'
  ...
# Subtest: AH-UI19: hiding during pending Open closes its exact lease without a late resume
ok 128 - AH-UI19: hiding during pending Open closes its exact lease without a late resume
  ---
  duration_ms: 0.740541
  type: 'test'
  ...
# Subtest: AH-UI20: a long read-only startup renews its pending lease without repeated resume writes
ok 129 - AH-UI20: a long read-only startup renews its pending lease without repeated resume writes
  ---
  duration_ms: 10.436917
  type: 'test'
  ...
# Subtest: AH-UI21: a timed-out pending Open releases its exact lease
ok 130 - AH-UI21: a timed-out pending Open releases its exact lease
  ---
  duration_ms: 11.108959
  type: 'test'
  ...
# Subtest: AH-UI22: a ready-to-starting race never issues a second resume write
ok 131 - AH-UI22: a ready-to-starting race never issues a second resume write
  ---
  duration_ms: 2.664459
  type: 'test'
  ...
# (node:55973) Warning: The 'NO_COLOR' env is ignored due to the 'FORCE_COLOR' env being set.
# (Use `node --trace-warnings ...` to show where the warning was created)
# {"evidence":"REAL_PROCESS_ISOLATED","result":"spawned","elapsedMs":5085,"oldOrphanPid":55975,"newGuardianPid":55978,"newAppPid":56185,"lockOwner":55978,"trace":[{"at":1790938883237,"message":"ORPHAN_READY"},{"at":1790938883296,"message":"ORPHAN_TERM_IGNORED"}]}
# Subtest: AH-L07: proven orphan reclamation gets its declared grace before the launch handshake budget
ok 132 - AH-L07: proven orphan reclamation gets its declared grace before the launch handshake budget
  ---
  duration_ms: 5158.796792
  type: 'test'
  ...
# Subtest: AH-L08: hung ownership guardian is bounded by bootstrap plus declared grace and kill confirmation
ok 133 - AH-L08: hung ownership guardian is bounded by bootstrap plus declared grace and kill confirmation
  ---
  duration_ms: 7062.726375
  type: 'test'
  ...
# Subtest: AH-L09: after ownership-ready a hung launcher handshake keeps its independent five second bound
ok 134 - AH-L09: after ownership-ready a hung launcher handshake keeps its independent five second bound
  ---
  duration_ms: 5313.037708
  type: 'test'
  ...
# Subtest: AH-L10: guardian error before ownership-ready fails immediately
ok 135 - AH-L10: guardian error before ownership-ready fails immediately
  ---
  duration_ms: 350.084667
  type: 'test'
  ...
# Subtest: AH-L10: guardian exit before ownership-ready fails immediately
ok 136 - AH-L10: guardian exit before ownership-ready fails immediately
  ---
  duration_ms: 407.914917
  type: 'test'
  ...
# Subtest: AH-L10: guardian error after ownership-ready fails immediately
ok 137 - AH-L10: guardian error after ownership-ready fails immediately
  ---
  duration_ms: 309.409042
  type: 'test'
  ...
# Subtest: AH-L10: guardian exit after ownership-ready fails immediately
ok 138 - AH-L10: guardian exit after ownership-ready fails immediately
  ---
  duration_ms: 294.863083
  type: 'test'
  ...
# (node:56366) Warning: The 'NO_COLOR' env is ignored due to the 'FORCE_COLOR' env being set.
# (Use `node --trace-warnings ...` to show where the warning was created)
# Subtest: AH-R01 directory reports configured references but never exposes values
ok 139 - AH-R01 directory reports configured references but never exposes values
  ---
  duration_ms: 0.484958
  type: 'test'
  ...
# Subtest: AH-R02 a configured provider the entry accepts is auto-routed; revoke opts out; explicit grant overrides
ok 140 - AH-R02 a configured provider the entry accepts is auto-routed; revoke opts out; explicit grant overrides
  ---
  duration_ms: 1.991917
  type: 'test'
  ...
# Subtest: AH-R02b the OpenAI-compatible Coding OAuth gateway auto-routes to an `openai` slot only when no OpenAI key exists
ok 141 - AH-R02b the OpenAI-compatible Coding OAuth gateway auto-routes to an `openai` slot only when no OpenAI key exists
  ---
  duration_ms: 0.618333
  type: 'test'
  ...
# Subtest: AH-R01 grant keeps matching-consumer risk acknowledgement for legacy grant slots
ok 142 - AH-R01 grant keeps matching-consumer risk acknowledgement for legacy grant slots
  ---
  duration_ms: 0.259875
  type: 'test'
  ...
# Subtest: AH-R01 absent OAuth leaves a selected grant missing without reading its record
ok 143 - AH-R01 absent OAuth leaves a selected grant missing without reading its record
  ---
  duration_ms: 0.108959
  type: 'test'
  ...
# Subtest: AH-R01/AK11 file projection lifecycle follows host events and app-owned cleanup
ok 144 - AH-R01/AK11 file projection lifecycle follows host events and app-owned cleanup
  ---
  duration_ms: 0.506417
  type: 'test'
  ...
# Subtest: AH-R01 interrupted launch keeps durable file intent
ok 145 - AH-R01 interrupted launch keeps durable file intent
  ---
  duration_ms: 0.318083
  type: 'test'
  ...
# Subtest: AH-R11/AK11 sets expands provider, baseUrl and model and ignores undeclared or empty targets
ok 146 - AH-R11/AK11 sets expands provider, baseUrl and model and ignores undeclared or empty targets
  ---
  duration_ms: 0.23425
  type: 'test'
  ...
# Subtest: AH-R05 sets default applies and empty baseUrl is omitted
ok 147 - AH-R05 sets default applies and empty baseUrl is omitted
  ---
  duration_ms: 0.158208
  type: 'test'
  ...
# Subtest: AH-R02c auto-route keeps the app's declared default model and never routes a derived slot
ok 148 - AH-R02c auto-route keeps the app's declared default model and never routes a derived slot
  ---
  duration_ms: 0.431125
  type: 'test'
  ...
# Subtest: AH-R12 (T6) every injection tells the receipt observer the routed provider and model — never the value — and local receipts are readable per app
ok 149 - AH-R12 (T6) every injection tells the receipt observer the routed provider and model — never the value — and local receipts are readable per app
  ---
  duration_ms: 0.392916
  type: 'test'
  ...
# (node:56367) Warning: The 'NO_COLOR' env is ignored due to the 'FORCE_COLOR' env being set.
# (Use `node --trace-warnings ...` to show where the warning was created)
# Subtest: AH-R01/AK09: locked app-host file policies preserve rotated files and remove revoked grants
ok 150 - AH-R01/AK09: locked app-host file policies preserve rotated files and remove revoked grants
  ---
  duration_ms: 1267.818167
  type: 'test'
  ...
# (node:56424) Warning: The 'NO_COLOR' env is ignored due to the 'FORCE_COLOR' env being set.
# (Use `node --trace-warnings ...` to show where the warning was created)
# Subtest: AH-R02 dsh-models describes refs without resolving values and adds pinned llm metadata
ok 151 - AH-R02 dsh-models describes refs without resolving values and adds pinned llm metadata
  ---
  duration_ms: 1.307667
  type: 'test'
  ...
# Subtest: AH-R03 coding gateway maps 404, off, configured and unreachable without exposing apiKey
ok 152 - AH-R03 coding gateway maps 404, off, configured and unreachable without exposing apiKey
  ---
  duration_ms: 1.075833
  type: 'test'
  ...
# Subtest: AH-R09 file gateway requires mode 0600 and returns the same provider contract
ok 153 - AH-R09 file gateway requires mode 0600 and returns the same provider contract
  ---
  duration_ms: 2.878041
  type: 'test'
  ...
# Subtest: AH-R08 every router route rejects missing client header, wrong origin, iframe and unauthenticated calls
ok 154 - AH-R08 every router route rejects missing client header, wrong origin, iframe and unauthenticated calls
  ---
  duration_ms: 13.851209
  type: 'test'
  ...
# (node:56425) Warning: The 'NO_COLOR' env is ignored due to the 'FORCE_COLOR' env being set.
# (Use `node --trace-warnings ...` to show where the warning was created)
# Subtest: H14: every browser command/env/cwd/path/url override is rejected before spawn
ok 155 - H14: every browser command/env/cwd/path/url override is rejected before spawn
  ---
  duration_ms: 22.092958
  type: 'test'
  ...
# Subtest: H14: control routes require authentication, CSRF header, exact origin and host
ok 156 - H14: control routes require authentication, CSRF header, exact origin and host
  ---
  duration_ms: 10.562834
  type: 'test'
  ...
# Subtest: AH routes: startup receipt can be cancelled and tokens are not leaked through list/events
ok 157 - AH routes: startup receipt can be cancelled and tokens are not leaked through list/events
  ---
  duration_ms: 154.321834
  type: 'test'
  ...
# Subtest: H08: busy Stop is HTTP 409 and names the occupying view
ok 158 - H08: busy Stop is HTTP 409 and names the occupying view
  ---
  duration_ms: 138.4035
  type: 'test'
  ...
# (node:56442) Warning: The 'NO_COLOR' env is ignored due to the 'FORCE_COLOR' env being set.
# (Use `node --trace-warnings ...` to show where the warning was created)
# AH-L01 reclaimed stale owner: {"deadPid":56446}
# Subtest: AH-L01: a runtime lock left by a dead owner is reclaimed (current and legacy record shapes)
ok 159 - AH-L01: a runtime lock left by a dead owner is reclaimed (current and legacy record shapes)
  ---
  duration_ms: 64.802375
  type: 'test'
  ...
# AH-L02 live owner blocks: {"pid":56465,"start":"Fri Oct 2 20:01:44 2026"}
# Subtest: AH-L02: a live owner still blocks, names its pid, and is never signalled
ok 160 - AH-L02: a live owner still blocks, names its pid, and is never signalled
  ---
  duration_ms: 86.316708
  type: 'test'
  ...
# AH-L03 pid reuse treated as dead: {"pid":56478,"liveStart":"Fri Oct 2 20:01:44 2026"}
# Subtest: AH-L03: same pid with a different start token is a reused pid: reclaimed, and the stranger is not signalled
ok 161 - AH-L03: same pid with a different start token is a reused pid: reclaimed, and the stranger is not signalled
  ---
  duration_ms: 87.558875
  type: 'test'
  ...
# AH-L04 orphan handling: {"unproven":56520,"terminated":56533,"death":{"code":null,"signal":"SIGKILL"}}
# Subtest: AH-L04: a surviving recorded child blocks unless provably ours; provably-ours orphans are terminated first
ok 162 - AH-L04: a surviving recorded child blocks unless provably ours; provably-ours orphans are terminated first
  ---
  duration_ms: 223.802667
  type: 'test'
  ...
# AH-L05 reclaimed after tree kill: {"oldGuardian":56552,"oldApp":56556,"newApp":56595,"newGuardian":56582}
# Subtest: AH-L05: shell tree force-killed -> next open reclaims the stale runtime lock and replaces the orphaned app
ok 163 - AH-L05: shell tree force-killed -> next open reclaims the stale runtime lock and replaces the orphaned app
  ---
  duration_ms: 623.884
  type: 'test'
  ...
# AH-L06 unproven orphan keeps the lock: {"launcherPid":56648,"appPid":56650}
# Subtest: AH-L06: shell tree force-killed but the orphan cannot be proven ours -> open keeps failing DATA_ROOT_BUSY with the live pid
ok 164 - AH-L06: shell tree force-killed but the orphan cannot be proven ours -> open keeps failing DATA_ROOT_BUSY with the live pid
  ---
  duration_ms: 338.737875
  type: 'test'
  ...
# (node:56715) Warning: The 'NO_COLOR' env is ignored due to the 'FORCE_COLOR' env being set.
# (Use `node --trace-warnings ...` to show where the warning was created)
# Subtest: AH store: pre-publish failure preserves prior image; post-publish failure is explicitly uncertain
ok 165 - AH store: pre-publish failure preserves prior image; post-publish failure is explicitly uncertain
  ---
  duration_ms: 29.728875
  type: 'test'
  ...
# Subtest: AH store: a second live owner is rejected and cannot silently overwrite state
ok 166 - AH store: a second live owner is rejected and cannot silently overwrite state
  ---
  duration_ms: 19.334208
  type: 'test'
  ...
# Subtest: AH store: corrupt snapshots and symlinked roots fail closed
ok 167 - AH store: corrupt snapshots and symlinked roots fail closed
  ---
  duration_ms: 6.930875
  type: 'test'
  ...
# Subtest: AH readiness: unrelated HTTP 200 with the same app marker is not owned readiness
ok 168 - AH readiness: unrelated HTTP 200 with the same app marker is not owned readiness
  ---
  duration_ms: 219.565375
  type: 'test'
  ...
# Subtest: AH descriptors: relative commands, shell-style launch, missing data binding and host env are rejected
ok 169 - AH descriptors: relative commands, shell-style launch, missing data binding and host env are rejected
  ---
  duration_ms: 0.582125
  type: 'test'
  ...
# Subtest: H01/H11 guard: bare apply() cannot masquerade as a loaded plugin; the domain binding is a single-image port
ok 170 - H01/H11 guard: bare apply() cannot masquerade as a loaded plugin; the domain binding is a single-image port
  ---
  duration_ms: 0.332583
  type: 'test'
  ...
# (node:56728) Warning: The 'NO_COLOR' env is ignored due to the 'FORCE_COLOR' env being set.
# (Use `node --trace-warnings ...` to show where the warning was created)
# Subtest: AH-U01: open is recorded once per instance reaching ready; hanaRef is the app package name; sourcePlugin is app-host
ok 171 - AH-U01: open is recorded once per instance reaching ready; hanaRef is the app package name; sourcePlugin is app-host
  ---
  duration_ms: 443.832166
  type: 'test'
  ...
# Subtest: AH-U02: use is one per app per UTC hour of real gateway activity, reported when the hour closes; bootstrap, denials and 401/403 answers never count
ok 172 - AH-U02: use is one per app per UTC hour of real gateway activity, reported when the hour closes; bootstrap, denials and 401/403 answers never count
  ---
  duration_ms: 252.486459
  type: 'test'
  ...
# Subtest: AH-U03: no seat → nothing recorded, no throw; a seat that appears later is used from then on
ok 173 - AH-U03: no seat → nothing recorded, no throw; a seat that appears later is used from then on
  ---
  duration_ms: 628.868833
  type: 'test'
  ...
# Subtest: AH-U04: a rejecting, throwing or withholding seat never breaks the launch or the proxied request
ok 174 - AH-U04: a rejecting, throwing or withholding seat never breaks the launch or the proxied request
  ---
  duration_ms: 844.992625
  type: 'test'
  ...
# Subtest: AH-U05: hanaRef comes from the package — definition packageName, else the installed-scan binding, else no evidence
ok 175 - AH-U05: hanaRef comes from the package — definition packageName, else the installed-scan binding, else no evidence
  ---
  duration_ms: 410.855208
  type: 'test'
  ...
# Subtest: AH-U06: multiple instances of one app share the hour at the seat; the hour is reported once the last live instance stops
ok 176 - AH-U06: multiple instances of one app share the hour at the seat; the hour is reported once the last live instance stops
  ---
  duration_ms: 703.32
  type: 'test'
  ...
# Subtest: AH-U08 (T6): the Router route becomes the hour receipt {providerId, model, count}; injections and requests are separate; unknown routes report without a receipt
ok 177 - AH-U08 (T6): the Router route becomes the hour receipt {providerId, model, count}; injections and requests are separate; unknown routes report without a receipt
  ---
  duration_ms: 506.088416
  type: 'test'
  ...
# Subtest: AH-U09 (T6): the receipt ledger persists through one debounced global.set, reloads, reports leftover closed hours on the next start and prunes
ok 178 - AH-U09 (T6): the receipt ledger persists through one debounced global.set, reloads, reports leftover closed hours on the next start and prunes
  ---
  duration_ms: 63.238583
  type: 'test'
  ...
1..178
# tests 182
# suites 0
# pass 179
# fail 0
# cancelled 0
# skipped 3
# todo 0
# duration_ms 46253.204042
